Component: Arm Compiler for Embedded 6.21 Tool: armlink [5ec1fa00]

==============================================================================

Section Cross References

    gd32e23x_it.o(.ARM.exidx.text.NMI_Handler) refers to gd32e23x_it.o(.text.NMI_Handler) for [Anonymous Symbol]
    gd32e23x_it.o(.ARM.exidx.text.HardFault_Handler) refers to gd32e23x_it.o(.text.HardFault_Handler) for [Anonymous Symbol]
    gd32e23x_it.o(.ARM.exidx.text.MemManage_Handler) refers to gd32e23x_it.o(.text.MemManage_Handler) for [Anonymous Symbol]
    gd32e23x_it.o(.ARM.exidx.text.BusFault_Handler) refers to gd32e23x_it.o(.text.BusFault_Handler) for [Anonymous Symbol]
    gd32e23x_it.o(.ARM.exidx.text.UsageFault_Handler) refers to gd32e23x_it.o(.text.UsageFault_Handler) for [Anonymous Symbol]
    gd32e23x_it.o(.ARM.exidx.text.SVC_Handler) refers to gd32e23x_it.o(.text.SVC_Handler) for [Anonymous Symbol]
    gd32e23x_it.o(.ARM.exidx.text.DebugMon_Handler) refers to gd32e23x_it.o(.text.DebugMon_Handler) for [Anonymous Symbol]
    gd32e23x_it.o(.ARM.exidx.text.PendSV_Handler) refers to gd32e23x_it.o(.text.PendSV_Handler) for [Anonymous Symbol]
    gd32e23x_it.o(.ARM.exidx.text.SysTick_Handler) refers to gd32e23x_it.o(.text.SysTick_Handler) for [Anonymous Symbol]
    main.o(.text.main) refers to delay.o(.text.DelayInit) for DelayInit
    main.o(.text.main) refers to oled_i2c.o(.text.I2C_Configuration) for I2C_Configuration
    main.o(.text.main) refers to oled_i2c.o(.text.OLED_Init) for OLED_Init
    main.o(.text.main) refers to oled_i2c.o(.text.AHT10Init) for AHT10Init
    main.o(.text.main) refers to gd32e23x_rcu.o(.text.rcu_periph_clock_enable) for rcu_periph_clock_enable
    main.o(.text.main) refers to gd32e23x_gpio.o(.text.gpio_mode_set) for gpio_mode_set
    main.o(.text.main) refers to oled_i2c.o(.text.OLED_Fill) for OLED_Fill
    main.o(.text.main) refers to oled_i2c.o(.text.AHT10ReadData) for AHT10ReadData
    main.o(.text.main) refers to printfa.o(i.__0sprintf) for sprintf
    main.o(.text.main) refers to oled_i2c.o(.text.OLED_ShowStr) for OLED_ShowStr
    main.o(.text.main) refers to gd32e23x_gpio.o(.text.gpio_bit_write) for gpio_bit_write
    main.o(.text.main) refers to main.o(.bss.CT_data) for CT_data
    main.o(.text.main) refers to main.o(.bss.c1) for c1
    main.o(.text.main) refers to main.o(.bss.t1) for t1
    main.o(.text.main) refers to main.o(.bss.buf) for buf
    main.o(.text.main) refers to main.o(.rodata.str1.1) for [Anonymous Symbol]
    main.o(.ARM.exidx.text.main) refers to main.o(.text.main) for [Anonymous Symbol]
    systick.o(.text.systick_config) refers to gd32e23x_misc.o(.text.systick_clksource_set) for systick_clksource_set
    systick.o(.text.systick_config) refers to ffltui.o(.text) for __aeabi_ui2f
    systick.o(.text.systick_config) refers to fdiv.o(.text) for __aeabi_fdiv
    systick.o(.text.systick_config) refers to fmul.o(.text) for __aeabi_fmul
    systick.o(.text.systick_config) refers to system_gd32e23x.o(.data.SystemCoreClock) for SystemCoreClock
    systick.o(.text.systick_config) refers to systick.o(.bss.count_1us) for [Anonymous Symbol]
    systick.o(.text.systick_config) refers to systick.o(.bss.count_1ms) for [Anonymous Symbol]
    systick.o(.ARM.exidx.text.systick_config) refers to systick.o(.text.systick_config) for [Anonymous Symbol]
    systick.o(.text.delay_1us) refers to ffltui.o(.text) for __aeabi_ui2f
    systick.o(.text.delay_1us) refers to fmul.o(.text) for __aeabi_fmul
    systick.o(.text.delay_1us) refers to ffixui.o(.text) for __aeabi_f2uiz
    systick.o(.text.delay_1us) refers to systick.o(.bss.count_1us) for [Anonymous Symbol]
    systick.o(.ARM.exidx.text.delay_1us) refers to systick.o(.text.delay_1us) for [Anonymous Symbol]
    systick.o(.text.delay_us) refers to ffltui.o(.text) for __aeabi_ui2f
    systick.o(.text.delay_us) refers to fmul.o(.text) for __aeabi_fmul
    systick.o(.text.delay_us) refers to ffixui.o(.text) for __aeabi_f2uiz
    systick.o(.text.delay_us) refers to systick.o(.bss.count_1us) for [Anonymous Symbol]
    systick.o(.ARM.exidx.text.delay_us) refers to systick.o(.text.delay_us) for [Anonymous Symbol]
    systick.o(.text.delay_1ms) refers to ffltui.o(.text) for __aeabi_ui2f
    systick.o(.text.delay_1ms) refers to fmul.o(.text) for __aeabi_fmul
    systick.o(.text.delay_1ms) refers to ffixui.o(.text) for __aeabi_f2uiz
    systick.o(.text.delay_1ms) refers to systick.o(.bss.count_1ms) for [Anonymous Symbol]
    systick.o(.ARM.exidx.text.delay_1ms) refers to systick.o(.text.delay_1ms) for [Anonymous Symbol]
    systick.o(.text.delay_ms) refers to ffltui.o(.text) for __aeabi_ui2f
    systick.o(.text.delay_ms) refers to fmul.o(.text) for __aeabi_fmul
    systick.o(.text.delay_ms) refers to ffixui.o(.text) for __aeabi_f2uiz
    systick.o(.text.delay_ms) refers to systick.o(.bss.count_1ms) for [Anonymous Symbol]
[...]
    Removing gd32e23x_rcu.o(.rodata.cst16), (16 bytes).
    Removing gd32e23x_rcu.o(.rodata.cst8), (16 bytes).
    Removing gd32e23x_rtc.o(.text), (0 bytes).
    Removing gd32e23x_rtc.o(.text.rtc_deinit), (164 bytes).
    Removing gd32e23x_rtc.o(.ARM.exidx.text.rtc_deinit), (8 bytes).
    Removing gd32e23x_rtc.o(.text.rtc_init_mode_enter), (124 bytes).
    Removing gd32e23x_rtc.o(.ARM.exidx.text.rtc_init_mode_enter), (8 bytes).
    Removing gd32e23x_rtc.o(.text.rtc_register_sync_wait), (148 bytes).
    Removing gd32e23x_rtc.o(.ARM.exidx.text.rtc_register_sync_wait), (8 bytes).
    Removing gd32e23x_rtc.o(.text.rtc_init), (208 bytes).
    Removing gd32e23x_rtc.o(.ARM.exidx.text.rtc_init), (8 bytes).
    Removing gd32e23x_rtc.o(.text.rtc_init_mode_exit), (16 bytes).
    Removing gd32e23x_rtc.o(.ARM.exidx.text.rtc_init_mode_exit), (8 bytes).
    Removing gd32e23x_rtc.o(.text.rtc_current_time_get), (184 bytes).
    Removing gd32e23x_rtc.o(.ARM.exidx.text.rtc_current_time_get), (8 bytes).
    Removing gd32e23x_rtc.o(.text.rtc_subsecond_get), (32 bytes).
    Removing gd32e23x_rtc.o(.ARM.exidx.text.rtc_subsecond_get), (8 bytes).
    Removing gd32e23x_rtc.o(.text.rtc_alarm_config), (88 bytes).
    Removing gd32e23x_rtc.o(.ARM.exidx.text.rtc_alarm_config), (8 bytes).
    Removing gd32e23x_rtc.o(.text.rtc_alarm_subsecond_config), (44 bytes).
    Removing gd32e23x_rtc.o(.ARM.exidx.text.rtc_alarm_subsecond_config), (8 bytes).
    Removing gd32e23x_rtc.o(.text.rtc_alarm_enable), (36 bytes).
    Removing gd32e23x_rtc.o(.ARM.exidx.text.rtc_alarm_enable), (8 bytes).
    Removing gd32e23x_rtc.o(.text.rtc_alarm_disable), (128 bytes).
    Removing gd32e23x_rtc.o(.ARM.exidx.text.rtc_alarm_disable), (8 bytes).
    Removing gd32e23x_rtc.o(.text.rtc_alarm_get), (108 bytes).
    Removing gd32e23x_rtc.o(.ARM.exidx.text.rtc_alarm_get), (8 bytes).
    Removing gd32e23x_rtc.o(.text.rtc_alarm_subsecond_get), (20 bytes).
    Removing gd32e23x_rtc.o(.ARM.exidx.text.rtc_alarm_subsecond_get), (8 bytes).
    Removing gd32e23x_rtc.o(.text.rtc_timestamp_enable), (68 bytes).
    Removing gd32e23x_rtc.o(.ARM.exidx.text.rtc_timestamp_enable), (8 bytes).
    Removing gd32e23x_rtc.o(.text.rtc_timestamp_disable), (36 bytes).
    Removing gd32e23x_rtc.o(.ARM.exidx.text.rtc_timestamp_disable), (8 bytes).
    Removing gd32e23x_rtc.o(.text.rtc_timestamp_get), (116 bytes).
    Removing gd32e23x_rtc.o(.ARM.exidx.text.rtc_timestamp_get), (8 bytes).
    Removing gd32e23x_rtc.o(.text.rtc_timestamp_subsecond_get), (12 bytes).
    Removing gd32e23x_rtc.o(.ARM.exidx.text.rtc_timestamp_subsecond_get), (8 bytes).
    Removing gd32e23x_rtc.o(.text.rtc_tamper_enable), (196 bytes).
    Removing gd32e23x_rtc.o(.ARM.exidx.text.rtc_tamper_enable), (8 bytes).
    Removing gd32e23x_rtc.o(.text.rtc_tamper_disable), (24 bytes).
    Removing gd32e23x_rtc.o(.ARM.exidx.text.rtc_tamper_disable), (8 bytes).
    Removing gd32e23x_rtc.o(.text.rtc_interrupt_enable), (64 bytes).
    Removing gd32e23x_rtc.o(.ARM.exidx.text.rtc_interrupt_enable), (8 bytes).
    Removing gd32e23x_rtc.o(.text.rtc_interrupt_disable), (68 bytes).
    Removing gd32e23x_rtc.o(.ARM.exidx.text.rtc_interrupt_disable), (8 bytes).
    Removing gd32e23x_rtc.o(.text.rtc_flag_get), (44 bytes).
    Removing gd32e23x_rtc.o(.ARM.exidx.text.rtc_flag_get), (8 bytes).
    Removing gd32e23x_rtc.o(.text.rtc_flag_clear), (24 bytes).
    Removing gd32e23x_rtc.o(.ARM.exidx.text.rtc_flag_clear), (8 bytes).
    Removing gd32e23x_rtc.o(.text.rtc_alter_output_config), (92 bytes).
    Removing gd32e23x_rtc.o(.ARM.exidx.text.rtc_alter_output_config), (8 bytes).
    Removing gd32e23x_rtc.o(.text.rtc_calibration_config), (144 bytes).
    Removing gd32e23x_rtc.o(.ARM.exidx.text.rtc_calibration_config), (8 bytes).
    Removing gd32e23x_rtc.o(.text.rtc_hour_adjust), (40 bytes).
    Removing gd32e23x_rtc.o(.ARM.exidx.text.rtc_hour_adjust), (8 bytes).
    Removing gd32e23x_rtc.o(.text.rtc_second_adjust), (164 bytes).
    Removing gd32e23x_rtc.o(.ARM.exidx.text.rtc_second_adjust), (8 bytes).
    Removing gd32e23x_rtc.o(.text.rtc_bypass_shadow_enable), (36 bytes).
    Removing gd32e23x_rtc.o(.ARM.exidx.text.rtc_bypass_shadow_enable), (8 bytes).
    Removing gd32e23x_rtc.o(.text.rtc_bypass_shadow_disable), (36 bytes).
    Removing gd32e23x_rtc.o(.ARM.exidx.text.rtc_bypass_shadow_disable), (8 bytes).
    Removing gd32e23x_rtc.o(.text.rtc_refclock_detection_enable), (76 bytes).
    Removing gd32e23x_rtc.o(.ARM.exidx.text.rtc_refclock_detection_enable), (8 bytes).
    Removing gd32e23x_rtc.o(.text.rtc_refclock_detection_disable), (76 bytes).
    Removing gd32e23x_rtc.o(.ARM.exidx.text.rtc_refclock_detection_disable), (8 bytes).
    Removing gd32e23x_spi.o(.text), (0 bytes).
    Removing gd32e23x_spi.o(.text.spi_i2s_deinit), (80 bytes).
    Removing gd32e23x_spi.o(.ARM.exidx.text.spi_i2s_deinit), (8 bytes).
    Removing gd32e23x_spi.o(.text.spi_struct_para_init), (38 bytes).
    Removing gd32e23x_spi.o(.ARM.exidx.text.spi_struct_para_init), (8 bytes).
    Removing gd32e23x_spi.o(.text.spi_init), (308 bytes).
    Removing gd32e23x_spi.o(.ARM.exidx.text.spi_init), (8 bytes).
    Removing gd32e23x_spi.o(.text.spi_enable), (18 bytes).
    Removing gd32e23x_spi.o(.ARM.exidx.text.spi_enable), (8 bytes).
    Removing gd32e23x_spi.o(.text.spi_disable), (18 bytes).
    Removing gd32e23x_spi.o(.ARM.exidx.text.spi_disable), (8 bytes).
    Removing gd32e23x_spi.o(.text.i2s_init), (76 bytes).
    Removing gd32e23x_spi.o(.ARM.exidx.text.i2s_init), (8 bytes).
    Removing gd32e23x_spi.o(.text.i2s_psc_config), (208 bytes).
    Removing gd32e23x_spi.o(.ARM.exidx.text.i2s_psc_config), (8 bytes).
    Removing gd32e23x_spi.o(.text.i2s_enable), (20 bytes).
    Removing gd32e23x_spi.o(.ARM.exidx.text.i2s_enable), (8 bytes).
    Removing gd32e23x_spi.o(.text.i2s_disable), (20 bytes).
    Removing gd32e23x_spi.o(.ARM.exidx.text.i2s_disable), (8 bytes).
    Removing gd32e23x_spi.o(.text.spi_nss_output_enable), (18 bytes).
    Removing gd32e23x_spi.o(.ARM.exidx.text.spi_nss_output_enable), (8 bytes).
    Removing gd32e23x_spi.o(.text.spi_nss_output_disable), (18 bytes).
    Removing gd32e23x_spi.o(.ARM.exidx.text.spi_nss_output_disable), (8 bytes).
    Removing gd32e23x_spi.o(.text.spi_nss_internal_high), (20 bytes).
    Removing gd32e23x_spi.o(.ARM.exidx.text.spi_nss_internal_high), (8 bytes).
    Removing gd32e23x_spi.o(.text.spi_nss_internal_low), (20 bytes).
    Removing gd32e23x_spi.o(.ARM.exidx.text.spi_nss_internal_low), (8 bytes).
    Removing gd32e23x_spi.o(.text.spi_dma_enable), (42 bytes).
    Removing gd32e23x_spi.o(.ARM.exidx.text.spi_dma_enable), (8 bytes).
    Removing gd32e23x_spi.o(.text.spi_dma_disable), (42 bytes).
    Removing gd32e23x_spi.o(.ARM.exidx.text.spi_dma_disable), (8 bytes).
    Removing gd32e23x_spi.o(.text.spi_i2s_data_frame_format_config), (132 bytes).
    Removing gd32e23x_spi.o(.ARM.exidx.text.spi_i2s_data_frame_format_config), (8 bytes).
    Removing gd32e23x_spi.o(.text.spi_i2s_data_transmit), (80 bytes).
    Removing gd32e23x_spi.o(.ARM.exidx.text.spi_i2s_data_transmit), (8 bytes).
    Removing gd32e23x_spi.o(.text.spi_i2s_data_receive), (80 bytes).
    Removing gd32e23x_spi.o(.ARM.exidx.text.spi_i2s_data_receive), (8 bytes).
    Removing gd32e23x_spi.o(.text.spi_bidirectional_transfer_config), (50 bytes).
    Removing gd32e23x_spi.o(.ARM.exidx.text.spi_bidirectional_transfer_config), (8 bytes).
    Removing gd32e23x_spi.o(.text.spi_crc_polynomial_set), (30 bytes).
    Removing gd32e23x_spi.o(.ARM.exidx.text.spi_crc_polynomial_set), (8 bytes).
    Removing gd32e23x_spi.o(.text.spi_crc_polynomial_get), (14 bytes).
    Removing gd32e23x_spi.o(.ARM.exidx.text.spi_crc_polynomial_get), (8 bytes).
    Removing gd32e23x_spi.o(.text.spi_crc_on), (20 bytes).
    Removing gd32e23x_spi.o(.ARM.exidx.text.spi_crc_on), (8 bytes).
    Removing gd32e23x_spi.o(.text.spi_crc_off), (20 bytes).
    Removing gd32e23x_spi.o(.ARM.exidx.text.spi_crc_off), (8 bytes).
    Removing gd32e23x_spi.o(.text.spi_crc_next), (20 bytes).
    Removing gd32e23x_spi.o(.ARM.exidx.text.spi_crc_next), (8 bytes).
    Removing gd32e23x_spi.o(.text.spi_crc_get), (42 bytes).
    Removing gd32e23x_spi.o(.ARM.exidx.text.spi_crc_get), (8 bytes).
    Removing gd32e23x_spi.o(.text.spi_ti_mode_enable), (18 bytes).
    Removing gd32e23x_spi.o(.ARM.exidx.text.spi_ti_mode_enable), (8 bytes).
    Removing gd32e23x_spi.o(.text.spi_ti_mode_disable), (18 bytes).
    Removing gd32e23x_spi.o(.ARM.exidx.text.spi_ti_mode_disable), (8 bytes).
    Removing gd32e23x_spi.o(.text.spi_nssp_mode_enable), (18 bytes).
    Removing gd32e23x_spi.o(.ARM.exidx.text.spi_nssp_mode_enable), (8 bytes).
    Removing gd32e23x_spi.o(.text.spi_nssp_mode_disable), (18 bytes).
    Removing gd32e23x_spi.o(.ARM.exidx.text.spi_nssp_mode_disable), (8 bytes).
    Removing gd32e23x_spi.o(.text.qspi_enable), (20 bytes).
    Removing gd32e23x_spi.o(.ARM.exidx.text.qspi_enable), (8 bytes).
    Removing gd32e23x_spi.o(.text.qspi_disable), (20 bytes).
    Removing gd32e23x_spi.o(.ARM.exidx.text.qspi_disable), (8 bytes).
    Removing gd32e23x_spi.o(.text.qspi_write_enable), (20 bytes).
    Removing gd32e23x_spi.o(.ARM.exidx.text.qspi_write_enable), (8 bytes).
    Removing gd32e23x_spi.o(.text.qspi_read_enable), (20 bytes).
    Removing gd32e23x_spi.o(.ARM.exidx.text.qspi_read_enable), (8 bytes).
    Removing gd32e23x_spi.o(.text.qspi_io23_output_enable), (20 bytes).
    Removing gd32e23x_spi.o(.ARM.exidx.text.qspi_io23_output_enable), (8 bytes).
    Removing gd32e23x_spi.o(.text.qspi_io23_output_disable), (20 bytes).
    Removing gd32e23x_spi.o(.ARM.exidx.text.qspi_io23_output_disable), (8 bytes).
    Removing gd32e23x_spi.o(.text.spi_i2s_interrupt_enable), (74 bytes).
    Removing gd32e23x_spi.o(.ARM.exidx.text.spi_i2s_interrupt_enable), (8 bytes).
    Removing gd32e23x_spi.o(.text.spi_i2s_interrupt_disable), (74 bytes).
    Removing gd32e23x_spi.o(.ARM.exidx.text.spi_i2s_interrupt_disable), (8 bytes).
    Removing gd32e23x_spi.o(.text.spi_i2s_interrupt_flag_get), (232 bytes).
    Removing gd32e23x_spi.o(.ARM.exidx.text.spi_i2s_interrupt_flag_get), (8 bytes).
    Removing gd32e23x_spi.o(.text.spi_i2s_flag_get), (128 bytes).
    Removing gd32e23x_spi.o(.ARM.exidx.text.spi_i2s_flag_get), (8 bytes).
    Removing gd32e23x_spi.o(.text.spi_crc_error_clear), (18 bytes).
    Removing gd32e23x_spi.o(.ARM.exidx.text.spi_crc_error_clear), (8 bytes).
    Removing gd32e23x_spi.o(.text.spi_fifo_access_size_config), (34 bytes).
    Removing gd32e23x_spi.o(.ARM.exidx.text.spi_fifo_access_size_config), (8 bytes).
    Removing gd32e23x_spi.o(.text.spi_transmit_odd_config), (34 bytes).
    Removing gd32e23x_spi.o(.ARM.exidx.text.spi_transmit_odd_config), (8 bytes).
    Removing gd32e23x_spi.o(.text.spi_receive_odd_config), (34 bytes).
    Removing gd32e23x_spi.o(.ARM.exidx.text.spi_receive_odd_config), (8 bytes).
    Removing gd32e23x_spi.o(.text.spi_crc_length_set), (34 bytes).
    Removing gd32e23x_spi.o(.ARM.exidx.text.spi_crc_length_set), (8 bytes).
    Removing gd32e23x_syscfg.o(.text), (0 bytes).
    Removing gd32e23x_syscfg.o(.text.syscfg_deinit), (24 bytes).
    Removing gd32e23x_syscfg.o(.ARM.exidx.text.syscfg_deinit), (8 bytes).
    Removing gd32e23x_syscfg.o(.text.syscfg_dma_remap_enable), (24 bytes).
    Removing gd32e23x_syscfg.o(.ARM.exidx.text.syscfg_dma_remap_enable), (8 bytes).
    Removing gd32e23x_syscfg.o(.text.syscfg_dma_remap_disable), (24 bytes).
    Removing gd32e23x_syscfg.o(.ARM.exidx.text.syscfg_dma_remap_disable), (8 bytes).
    Removing gd32e23x_syscfg.o(.text.syscfg_high_current_enable), (20 bytes).
    Removing gd32e23x_syscfg.o(.ARM.exidx.text.syscfg_high_current_enable), (8 bytes).
    Removing gd32e23x_syscfg.o(.text.syscfg_high_current_disable), (20 bytes).
    Removing gd32e23x_syscfg.o(.ARM.exidx.text.syscfg_high_current_disable), (8 bytes).
    Removing gd32e23x_syscfg.o(.text.syscfg_exti_line_config), (180 bytes).
    Removing gd32e23x_syscfg.o(.ARM.exidx.text.syscfg_exti_line_config), (8 bytes).
    Removing gd32e23x_syscfg.o(.text.syscfg_lock_config), (24 bytes).
    Removing gd32e23x_syscfg.o(.ARM.exidx.text.syscfg_lock_config), (8 bytes).
    Removing gd32e23x_syscfg.o(.text.irq_latency_set), (40 bytes).
    Removing gd32e23x_syscfg.o(.ARM.exidx.text.irq_latency_set), (8 bytes).
    Removing gd32e23x_syscfg.o(.text.syscfg_flag_get), (44 bytes).
    Removing gd32e23x_syscfg.o(.ARM.exidx.text.syscfg_flag_get), (8 bytes).
    Removing gd32e23x_syscfg.o(.text.syscfg_flag_clear), (24 bytes).
    Removing gd32e23x_syscfg.o(.ARM.exidx.text.syscfg_flag_clear), (8 bytes).
    Removing gd32e23x_timer.o(.text), (0 bytes).
    Removing gd32e23x_timer.o(.text.timer_deinit), (248 bytes).
    Removing gd32e23x_timer.o(.ARM.exidx.text.timer_deinit), (8 bytes).
    Removing gd32e23x_timer.o(.text.timer_struct_para_init), (40 bytes).
    Removing gd32e23x_timer.o(.ARM.exidx.text.timer_struct_para_init), (8 bytes).
    Removing gd32e23x_timer.o(.text.timer_init), (252 bytes).
    Removing gd32e23x_timer.o(.ARM.exidx.text.timer_init), (8 bytes).
    Removing gd32e23x_timer.o(.text.timer_enable), (18 bytes).
    Removing gd32e23x_timer.o(.ARM.exidx.text.timer_enable), (8 bytes).
    Removing gd32e23x_timer.o(.text.timer_disable), (18 bytes).
    Removing gd32e23x_timer.o(.ARM.exidx.text.timer_disable), (8 bytes).
    Removing gd32e23x_timer.o(.text.timer_auto_reload_shadow_enable), (18 bytes).
    Removing gd32e23x_timer.o(.ARM.exidx.text.timer_auto_reload_shadow_enable), (8 bytes).
    Removing gd32e23x_timer.o(.text.timer_auto_reload_shadow_disable), (18 bytes).
    Removing gd32e23x_timer.o(.ARM.exidx.text.timer_auto_reload_shadow_disable), (8 bytes).
    Removing gd32e23x_timer.o(.text.timer_update_event_enable), (18 bytes).
    Removing gd32e23x_timer.o(.ARM.exidx.text.timer_update_event_enable), (8 bytes).
    Removing gd32e23x_timer.o(.text.timer_update_event_disable), (18 bytes).
    Removing gd32e23x_timer.o(.ARM.exidx.text.timer_update_event_disable), (8 bytes).
    Removing gd32e23x_timer.o(.text.timer_counter_alignment), (32 bytes).
    Removing gd32e23x_timer.o(.ARM.exidx.text.timer_counter_alignment), (8 bytes).
    Removing gd32e23x_timer.o(.text.timer_counter_up_direction), (18 bytes).
    Removing gd32e23x_timer.o(.ARM.exidx.text.timer_counter_up_direction), (8 bytes).
    Removing gd32e23x_timer.o(.text.timer_counter_down_direction), (18 bytes).
    Removing gd32e23x_timer.o(.ARM.exidx.text.timer_counter_down_direction), (8 bytes).
    Removing gd32e23x_timer.o(.text.timer_prescaler_config), (48 bytes).
    Removing gd32e23x_timer.o(.ARM.exidx.text.timer_prescaler_config), (8 bytes).
    Removing gd32e23x_timer.o(.text.timer_repetition_value_config), (18 bytes).
    Removing gd32e23x_timer.o(.ARM.exidx.text.timer_repetition_value_config), (8 bytes).
    Removing gd32e23x_timer.o(.text.timer_autoreload_value_config), (18 bytes).
    Removing gd32e23x_timer.o(.ARM.exidx.text.timer_autoreload_value_config), (8 bytes).
    Removing gd32e23x_timer.o(.text.timer_counter_value_config), (18 bytes).
    Removing gd32e23x_timer.o(.ARM.exidx.text.timer_counter_value_config), (8 bytes).
    Removing gd32e23x_timer.o(.text.timer_counter_read), (20 bytes).
    Removing gd32e23x_timer.o(.ARM.exidx.text.timer_counter_read), (8 bytes).
    Removing gd32e23x_timer.o(.text.timer_prescaler_read), (22 bytes).
    Removing gd32e23x_timer.o(.ARM.exidx.text.timer_prescaler_read), (8 bytes).
    Removing gd32e23x_timer.o(.text.timer_single_pulse_mode_config), (52 bytes).
    Removing gd32e23x_timer.o(.ARM.exidx.text.timer_single_pulse_mode_config), (8 bytes).
    Removing gd32e23x_timer.o(.text.timer_update_source_config), (52 bytes).
    Removing gd32e23x_timer.o(.ARM.exidx.text.timer_update_source_config), (8 bytes).
    Removing gd32e23x_timer.o(.text.timer_ocpre_clear_source_config), (56 bytes).
    Removing gd32e23x_timer.o(.ARM.exidx.text.timer_ocpre_clear_source_config), (8 bytes).
    Removing gd32e23x_timer.o(.text.timer_interrupt_enable), (20 bytes).
    Removing gd32e23x_timer.o(.ARM.exidx.text.timer_interrupt_enable), (8 bytes).
    Removing gd32e23x_timer.o(.text.timer_interrupt_disable), (20 bytes).
    Removing gd32e23x_timer.o(.ARM.exidx.text.timer_interrupt_disable), (8 bytes).
    Removing gd32e23x_timer.o(.text.timer_interrupt_flag_get), (58 bytes).
    Removing gd32e23x_timer.o(.ARM.exidx.text.timer_interrupt_flag_get), (8 bytes).
    Removing gd32e23x_timer.o(.text.timer_interrupt_flag_clear), (20 bytes).
    Removing gd32e23x_timer.o(.ARM.exidx.text.timer_interrupt_flag_clear), (8 bytes).
    Removing gd32e23x_timer.o(.text.timer_flag_get), (42 bytes).
    Removing gd32e23x_timer.o(.ARM.exidx.text.timer_flag_get), (8 bytes).
    Removing gd32e23x_timer.o(.text.timer_flag_clear), (20 bytes).
    Removing gd32e23x_timer.o(.ARM.exidx.text.timer_flag_clear), (8 bytes).
    Removing gd32e23x_timer.o(.text.timer_dma_enable), (22 bytes).
    Removing gd32e23x_timer.o(.ARM.exidx.text.timer_dma_enable), (8 bytes).
    Removing gd32e23x_timer.o(.text.timer_dma_disable), (22 bytes).
    Removing gd32e23x_timer.o(.ARM.exidx.text.timer_dma_disable), (8 bytes).
    Removing gd32e23x_timer.o(.text.timer_channel_dma_request_source_select), (56 bytes).
    Removing gd32e23x_timer.o(.ARM.exidx.text.timer_channel_dma_request_source_select), (8 bytes).
    Removing gd32e23x_timer.o(.text.timer_dma_transfer_config), (40 bytes).
    Removing gd32e23x_timer.o(.ARM.exidx.text.timer_dma_transfer_config), (8 bytes).
    Removing gd32e23x_timer.o(.text.timer_event_software_generate), (22 bytes).
    Removing gd32e23x_timer.o(.ARM.exidx.text.timer_event_software_generate), (8 bytes).
    Removing gd32e23x_timer.o(.text.timer_break_struct_para_init), (38 bytes).
    Removing gd32e23x_timer.o(.ARM.exidx.text.timer_break_struct_para_init), (8 bytes).
    Removing gd32e23x_timer.o(.text.timer_break_config), (42 bytes).
    Removing gd32e23x_timer.o(.ARM.exidx.text.timer_break_config), (8 bytes).
    Removing gd32e23x_timer.o(.text.timer_break_enable), (20 bytes).
    Removing gd32e23x_timer.o(.ARM.exidx.text.timer_break_enable), (8 bytes).
    Removing gd32e23x_timer.o(.text.timer_break_disable), (20 bytes).
    Removing gd32e23x_timer.o(.ARM.exidx.text.timer_break_disable), (8 bytes).
    Removing gd32e23x_timer.o(.text.timer_automatic_output_enable), (20 bytes).
    Removing gd32e23x_timer.o(.ARM.exidx.text.timer_automatic_output_enable), (8 bytes).
    Removing gd32e23x_timer.o(.text.timer_automatic_output_disable), (20 bytes).
    Removing gd32e23x_timer.o(.ARM.exidx.text.timer_automatic_output_disable), (8 bytes).
    Removing gd32e23x_timer.o(.text.timer_primary_output_config), (48 bytes).
    Removing gd32e23x_timer.o(.ARM.exidx.text.timer_primary_output_config), (8 bytes).
    Removing gd32e23x_timer.o(.text.timer_channel_control_shadow_config), (44 bytes).
    Removing gd32e23x_timer.o(.ARM.exidx.text.timer_channel_control_shadow_config), (8 bytes).
    Removing gd32e23x_timer.o(.text.timer_channel_control_shadow_update_config), (56 bytes).
    Removing gd32e23x_timer.o(.ARM.exidx.text.timer_channel_control_shadow_update_config), (8 bytes).
    Removing gd32e23x_timer.o(.text.timer_channel_output_struct_para_init), (34 bytes).
    Removing gd32e23x_timer.o(.ARM.exidx.text.timer_channel_output_struct_para_init), (8 bytes).
    Removing gd32e23x_timer.o(.text.timer_channel_output_config), (756 bytes).
    Removing gd32e23x_timer.o(.ARM.exidx.text.timer_channel_output_config), (8 bytes).
    Removing gd32e23x_timer.o(.text.timer_channel_output_mode_config), (158 bytes).
    Removing gd32e23x_timer.o(.ARM.exidx.text.timer_channel_output_mode_config), (8 bytes).
    Removing gd32e23x_timer.o(.text.timer_channel_output_pulse_value_config), (82 bytes).
    Removing gd32e23x_timer.o(.ARM.exidx.text.timer_channel_output_pulse_value_config), (8 bytes).
    Removing gd32e23x_timer.o(.text.timer_channel_output_shadow_config), (158 bytes).
    Removing gd32e23x_timer.o(.ARM.exidx.text.timer_channel_output_shadow_config), (8 bytes).
    Removing gd32e23x_timer.o(.text.timer_channel_output_fast_config), (158 bytes).
    Removing gd32e23x_timer.o(.ARM.exidx.text.timer_channel_output_fast_config), (8 bytes).
    Removing gd32e23x_timer.o(.text.timer_channel_output_clear_config), (158 bytes).
    Removing gd32e23x_timer.o(.ARM.exidx.text.timer_channel_output_clear_config), (8 bytes).
    Removing gd32e23x_timer.o(.text.timer_channel_output_polarity_config), (160 bytes).
    Removing gd32e23x_timer.o(.ARM.exidx.text.timer_channel_output_polarity_config), (8 bytes).
    Removing gd32e23x_timer.o(.text.timer_channel_complementary_output_polarity_config), (160 bytes).
    Removing gd32e23x_timer.o(.ARM.exidx.text.timer_channel_complementary_output_polarity_config), (8 bytes).
    Removing gd32e23x_timer.o(.text.timer_channel_output_state_config), (148 bytes).
    Removing gd32e23x_timer.o(.ARM.exidx.text.timer_channel_output_state_config), (8 bytes).
    Removing gd32e23x_timer.o(.text.timer_channel_complementary_output_state_config), (120 bytes).
    Removing gd32e23x_timer.o(.ARM.exidx.text.timer_channel_complementary_output_state_config), (8 bytes).
    Removing gd32e23x_timer.o(.text.timer_channel_input_struct_para_init), (28 bytes).
    Removing gd32e23x_timer.o(.ARM.exidx.text.timer_channel_input_struct_para_init), (8 bytes).
    Removing gd32e23x_timer.o(.text.timer_input_capture_config), (446 bytes).
    Removing gd32e23x_timer.o(.ARM.exidx.text.timer_input_capture_config), (8 bytes).
    Removing gd32e23x_timer.o(.text.timer_channel_input_capture_prescaler_config), (158 bytes).
    Removing gd32e23x_timer.o(.ARM.exidx.text.timer_channel_input_capture_prescaler_config), (8 bytes).
    Removing gd32e23x_timer.o(.text.timer_channel_capture_value_register_read), (88 bytes).
    Removing gd32e23x_timer.o(.ARM.exidx.text.timer_channel_capture_value_register_read), (8 bytes).
    Removing gd32e23x_timer.o(.text.timer_input_pwm_capture_config), (502 bytes).
    Removing gd32e23x_timer.o(.ARM.exidx.text.timer_input_pwm_capture_config), (8 bytes).
    Removing gd32e23x_timer.o(.text.timer_hall_mode_config), (52 bytes).
    Removing gd32e23x_timer.o(.ARM.exidx.text.timer_hall_mode_config), (8 bytes).
    Removing gd32e23x_timer.o(.text.timer_input_trigger_source_select), (30 bytes).
    Removing gd32e23x_timer.o(.ARM.exidx.text.timer_input_trigger_source_select), (8 bytes).
    Removing gd32e23x_timer.o(.text.timer_master_output_trigger_source_select), (30 bytes).
    Removing gd32e23x_timer.o(.ARM.exidx.text.timer_master_output_trigger_source_select), (8 bytes).
    Removing gd32e23x_timer.o(.text.timer_slave_mode_select), (30 bytes).
    Removing gd32e23x_timer.o(.ARM.exidx.text.timer_slave_mode_select), (8 bytes).
    Removing gd32e23x_timer.o(.text.timer_master_slave_mode_config), (52 bytes).
    Removing gd32e23x_timer.o(.ARM.exidx.text.timer_master_slave_mode_config), (8 bytes).
    Removing gd32e23x_timer.o(.text.timer_external_trigger_config), (52 bytes).
    Removing gd32e23x_timer.o(.ARM.exidx.text.timer_external_trigger_config), (8 bytes).
    Removing gd32e23x_timer.o(.text.timer_quadrature_decoder_mode_config), (104 bytes).
    Removing gd32e23x_timer.o(.ARM.exidx.text.timer_quadrature_decoder_mode_config), (8 bytes).
    Removing gd32e23x_timer.o(.text.timer_internal_clock_config), (18 bytes).
    Removing gd32e23x_timer.o(.ARM.exidx.text.timer_internal_clock_config), (8 bytes).
    Removing gd32e23x_timer.o(.text.timer_internal_trigger_as_external_clock_config), (38 bytes).
    Removing gd32e23x_timer.o(.ARM.exidx.text.timer_internal_trigger_as_external_clock_config), (8 bytes).
    Removing gd32e23x_timer.o(.text.timer_external_trigger_as_external_clock_config), (224 bytes).
    Removing gd32e23x_timer.o(.ARM.exidx.text.timer_external_trigger_as_external_clock_config), (8 bytes).
    Removing gd32e23x_timer.o(.text.timer_external_clock_mode0_config), (46 bytes).
    Removing gd32e23x_timer.o(.ARM.exidx.text.timer_external_clock_mode0_config), (8 bytes).
    Removing gd32e23x_timer.o(.text.timer_external_clock_mode1_config), (40 bytes).
    Removing gd32e23x_timer.o(.ARM.exidx.text.timer_external_clock_mode1_config), (8 bytes).
    Removing gd32e23x_timer.o(.text.timer_external_clock_mode1_disable), (20 bytes).
    Removing gd32e23x_timer.o(.ARM.exidx.text.timer_external_clock_mode1_disable), (8 bytes).
    Removing gd32e23x_timer.o(.text.timer_channel_remap_config), (16 bytes).
    Removing gd32e23x_timer.o(.ARM.exidx.text.timer_channel_remap_config), (8 bytes).
    Removing gd32e23x_timer.o(.text.timer_write_chxval_register_config), (60 bytes).
    Removing gd32e23x_timer.o(.ARM.exidx.text.timer_write_chxval_register_config), (8 bytes).
    Removing gd32e23x_timer.o(.text.timer_output_value_selection_config), (60 bytes).
    Removing gd32e23x_timer.o(.ARM.exidx.text.timer_output_value_selection_config), (8 bytes).
    Removing gd32e23x_usart.o(.text), (0 bytes).
    Removing gd32e23x_usart.o(.text.usart_deinit), (84 bytes).
    Removing gd32e23x_usart.o(.ARM.exidx.text.usart_deinit), (8 bytes).
    Removing gd32e23x_usart.o(.text.usart_baudrate_set), (184 bytes).
    Removing gd32e23x_usart.o(.ARM.exidx.text.usart_baudrate_set), (8 bytes).
    Removing gd32e23x_usart.o(.text.usart_parity_config), (42 bytes).
    Removing gd32e23x_usart.o(.ARM.exidx.text.usart_parity_config), (8 bytes).
    Removing gd32e23x_usart.o(.text.usart_word_length_set), (42 bytes).
    Removing gd32e23x_usart.o(.ARM.exidx.text.usart_word_length_set), (8 bytes).
    Removing gd32e23x_usart.o(.text.usart_stop_bit_set), (42 bytes).
    Removing gd32e23x_usart.o(.ARM.exidx.text.usart_stop_bit_set), (8 bytes).
    Removing gd32e23x_usart.o(.text.usart_enable), (18 bytes).
    Removing gd32e23x_usart.o(.ARM.exidx.text.usart_enable), (8 bytes).
    Removing gd32e23x_usart.o(.text.usart_disable), (18 bytes).
    Removing gd32e23x_usart.o(.ARM.exidx.text.usart_disable), (8 bytes).
    Removing gd32e23x_usart.o(.text.usart_transmit_config), (30 bytes).
    Removing gd32e23x_usart.o(.ARM.exidx.text.usart_transmit_config), (8 bytes).
    Removing gd32e23x_usart.o(.text.usart_receive_config), (30 bytes).
    Removing gd32e23x_usart.o(.ARM.exidx.text.usart_receive_config), (8 bytes).
    Removing gd32e23x_usart.o(.text.usart_data_first_config), (42 bytes).
    Removing gd32e23x_usart.o(.ARM.exidx.text.usart_data_first_config), (8 bytes).
    Removing gd32e23x_usart.o(.text.usart_invert_config), (186 bytes).
    Removing gd32e23x_usart.o(.ARM.exidx.text.usart_invert_config), (8 bytes).
    Removing gd32e23x_usart.o(.text.usart_overrun_enable), (30 bytes).
    Removing gd32e23x_usart.o(.ARM.exidx.text.usart_overrun_enable), (8 bytes).
    Removing gd32e23x_usart.o(.text.usart_overrun_disable), (30 bytes).
    Removing gd32e23x_usart.o(.ARM.exidx.text.usart_overrun_disable), (8 bytes).
    Removing gd32e23x_usart.o(.text.usart_oversample_config), (42 bytes).
    Removing gd32e23x_usart.o(.ARM.exidx.text.usart_oversample_config), (8 bytes).
    Removing gd32e23x_usart.o(.text.usart_sample_bit_config), (42 bytes).
    Removing gd32e23x_usart.o(.ARM.exidx.text.usart_sample_bit_config), (8 bytes).
    Removing gd32e23x_usart.o(.text.usart_receiver_timeout_enable), (20 bytes).
    Removing gd32e23x_usart.o(.ARM.exidx.text.usart_receiver_timeout_enable), (8 bytes).
    Removing gd32e23x_usart.o(.text.usart_receiver_timeout_disable), (20 bytes).
    Removing gd32e23x_usart.o(.ARM.exidx.text.usart_receiver_timeout_disable), (8 bytes).
    Removing gd32e23x_usart.o(.text.usart_receiver_timeout_threshold_config), (32 bytes).
    Removing gd32e23x_usart.o(.ARM.exidx.text.usart_receiver_timeout_threshold_config), (8 bytes).
    Removing gd32e23x_usart.o(.text.usart_data_transmit), (24 bytes).
    Removing gd32e23x_usart.o(.ARM.exidx.text.usart_data_transmit), (8 bytes).
    Removing gd32e23x_usart.o(.ARM.exidx.text.usart_data_receive), (8 bytes).
    Removing gd32e23x_usart.o(.text.usart_autobaud_detection_enable), (20 bytes).
    Removing gd32e23x_usart.o(.ARM.exidx.text.usart_autobaud_detection_enable), (8 bytes).
    Removing gd32e23x_usart.o(.text.usart_autobaud_detection_disable), (20 bytes).
    Removing gd32e23x_usart.o(.ARM.exidx.text.usart_autobaud_detection_disable), (8 bytes).
    Removing gd32e23x_usart.o(.text.usart_autobaud_detection_mode_config), (32 bytes).
    Removing gd32e23x_usart.o(.ARM.exidx.text.usart_autobaud_detection_mode_config), (8 bytes).
    Removing gd32e23x_usart.o(.text.usart_address_config), (46 bytes).
    Removing gd32e23x_usart.o(.ARM.exidx.text.usart_address_config), (8 bytes).
    Removing gd32e23x_usart.o(.text.usart_address_detection_mode_config), (42 bytes).
    Removing gd32e23x_usart.o(.ARM.exidx.text.usart_address_detection_mode_config), (8 bytes).
    Removing gd32e23x_usart.o(.text.usart_mute_mode_enable), (20 bytes).
    Removing gd32e23x_usart.o(.ARM.exidx.text.usart_mute_mode_enable), (8 bytes).
    Removing gd32e23x_usart.o(.text.usart_mute_mode_disable), (20 bytes).
    Removing gd32e23x_usart.o(.ARM.exidx.text.usart_mute_mode_disable), (8 bytes).
    Removing gd32e23x_usart.o(.text.usart_mute_mode_wakeup_config), (42 bytes).
    Removing gd32e23x_usart.o(.ARM.exidx.text.usart_mute_mode_wakeup_config), (8 bytes).
    Removing gd32e23x_usart.o(.text.usart_lin_mode_enable), (30 bytes).
    Removing gd32e23x_usart.o(.ARM.exidx.text.usart_lin_mode_enable), (8 bytes).
    Removing gd32e23x_usart.o(.text.usart_lin_mode_disable), (30 bytes).
    Removing gd32e23x_usart.o(.ARM.exidx.text.usart_lin_mode_disable), (8 bytes).
    Removing gd32e23x_usart.o(.text.usart_lin_break_detection_length_config), (42 bytes).
    Removing gd32e23x_usart.o(.ARM.exidx.text.usart_lin_break_detection_length_config), (8 bytes).
    Removing gd32e23x_usart.o(.text.usart_halfduplex_enable), (28 bytes).
    Removing gd32e23x_usart.o(.ARM.exidx.text.usart_halfduplex_enable), (8 bytes).
    Removing gd32e23x_usart.o(.text.usart_halfduplex_disable), (28 bytes).
    Removing gd32e23x_usart.o(.ARM.exidx.text.usart_halfduplex_disable), (8 bytes).
    Removing gd32e23x_usart.o(.text.usart_clock_enable), (30 bytes).
    Removing gd32e23x_usart.o(.ARM.exidx.text.usart_clock_enable), (8 bytes).
    Removing gd32e23x_usart.o(.text.usart_clock_disable), (30 bytes).
    Removing gd32e23x_usart.o(.ARM.exidx.text.usart_clock_disable), (8 bytes).
    Removing gd32e23x_usart.o(.text.usart_synchronous_clock_config), (84 bytes).
    Removing gd32e23x_usart.o(.ARM.exidx.text.usart_synchronous_clock_config), (8 bytes).
    Removing gd32e23x_usart.o(.text.usart_guard_time_config), (46 bytes).
    Removing gd32e23x_usart.o(.ARM.exidx.text.usart_guard_time_config), (8 bytes).
    Removing gd32e23x_usart.o(.text.usart_smartcard_mode_enable), (28 bytes).
    Removing gd32e23x_usart.o(.ARM.exidx.text.usart_smartcard_mode_enable), (8 bytes).
    Removing gd32e23x_usart.o(.text.usart_smartcard_mode_disable), (28 bytes).
    Removing gd32e23x_usart.o(.ARM.exidx.text.usart_smartcard_mode_disable), (8 bytes).
    Removing gd32e23x_usart.o(.text.usart_smartcard_mode_nack_enable), (28 bytes).
    Removing gd32e23x_usart.o(.ARM.exidx.text.usart_smartcard_mode_nack_enable), (8 bytes).
    Removing gd32e23x_usart.o(.text.usart_smartcard_mode_nack_disable), (28 bytes).
    Removing gd32e23x_usart.o(.ARM.exidx.text.usart_smartcard_mode_nack_disable), (8 bytes).
    Removing gd32e23x_usart.o(.text.usart_smartcard_mode_early_nack_enable), (20 bytes).
    Removing gd32e23x_usart.o(.ARM.exidx.text.usart_smartcard_mode_early_nack_enable), (8 bytes).
    Removing gd32e23x_usart.o(.text.usart_smartcard_mode_early_nack_disable), (20 bytes).
    Removing gd32e23x_usart.o(.ARM.exidx.text.usart_smartcard_mode_early_nack_disable), (8 bytes).
    Removing gd32e23x_usart.o(.text.usart_smartcard_autoretry_config), (46 bytes).
    Removing gd32e23x_usart.o(.ARM.exidx.text.usart_smartcard_autoretry_config), (8 bytes).
    Removing gd32e23x_usart.o(.text.usart_block_length_config), (34 bytes).
    Removing gd32e23x_usart.o(.ARM.exidx.text.usart_block_length_config), (8 bytes).
    Removing gd32e23x_usart.o(.text.usart_irda_mode_enable), (28 bytes).
    Removing gd32e23x_usart.o(.ARM.exidx.text.usart_irda_mode_enable), (8 bytes).
    Removing gd32e23x_usart.o(.text.usart_irda_mode_disable), (28 bytes).
    Removing gd32e23x_usart.o(.ARM.exidx.text.usart_irda_mode_disable), (8 bytes).
    Removing gd32e23x_usart.o(.text.usart_prescaler_config), (40 bytes).
    Removing gd32e23x_usart.o(.ARM.exidx.text.usart_prescaler_config), (8 bytes).
    Removing gd32e23x_usart.o(.text.usart_irda_lowpower_config), (42 bytes).
    Removing gd32e23x_usart.o(.ARM.exidx.text.usart_irda_lowpower_config), (8 bytes).
    Removing gd32e23x_usart.o(.text.usart_hardware_flow_rts_config), (42 bytes).
    Removing gd32e23x_usart.o(.ARM.exidx.text.usart_hardware_flow_rts_config), (8 bytes).
    Removing gd32e23x_usart.o(.text.usart_hardware_flow_cts_config), (42 bytes).
    Removing gd32e23x_usart.o(.ARM.exidx.text.usart_hardware_flow_cts_config), (8 bytes).
    Removing gd32e23x_usart.o(.text.usart_hardware_flow_coherence_config), (34 bytes).
    Removing gd32e23x_usart.o(.ARM.exidx.text.usart_hardware_flow_coherence_config), (8 bytes).
    Removing gd32e23x_usart.o(.text.usart_rs485_driver_enable), (30 bytes).
    Removing gd32e23x_usart.o(.ARM.exidx.text.usart_rs485_driver_enable), (8 bytes).
    Removing gd32e23x_usart.o(.text.usart_rs485_driver_disable), (30 bytes).
    Removing gd32e23x_usart.o(.ARM.exidx.text.usart_rs485_driver_disable), (8 bytes).
    Removing gd32e23x_usart.o(.text.usart_driver_assertime_config), (46 bytes).
    Removing gd32e23x_usart.o(.ARM.exidx.text.usart_driver_assertime_config), (8 bytes).
    Removing gd32e23x_usart.o(.text.usart_driver_deassertime_config), (46 bytes).
    Removing gd32e23x_usart.o(.ARM.exidx.text.usart_driver_deassertime_config), (8 bytes).
    Removing gd32e23x_usart.o(.text.usart_depolarity_config), (44 bytes).
    Removing gd32e23x_usart.o(.ARM.exidx.text.usart_depolarity_config), (8 bytes).
    Removing gd32e23x_usart.o(.text.usart_dma_receive_config), (30 bytes).
    Removing gd32e23x_usart.o(.ARM.exidx.text.usart_dma_receive_config), (8 bytes).
    Removing gd32e23x_usart.o(.text.usart_dma_transmit_config), (30 bytes).
    Removing gd32e23x_usart.o(.ARM.exidx.text.usart_dma_transmit_config), (8 bytes).
    Removing gd32e23x_usart.o(.text.usart_reception_error_dma_disable), (30 bytes).
    Removing gd32e23x_usart.o(.ARM.exidx.text.usart_reception_error_dma_disable), (8 bytes).
    Removing gd32e23x_usart.o(.text.usart_reception_error_dma_enable), (30 bytes).
    Removing gd32e23x_usart.o(.ARM.exidx.text.usart_reception_error_dma_enable), (8 bytes).
    Removing gd32e23x_usart.o(.text.usart_wakeup_enable), (18 bytes).
    Removing gd32e23x_usart.o(.ARM.exidx.text.usart_wakeup_enable), (8 bytes).
    Removing gd32e23x_usart.o(.text.usart_wakeup_disable), (18 bytes).
    Removing gd32e23x_usart.o(.ARM.exidx.text.usart_wakeup_disable), (8 bytes).
    Removing gd32e23x_usart.o(.text.usart_wakeup_mode_config), (44 bytes).
    Removing gd32e23x_usart.o(.ARM.exidx.text.usart_wakeup_mode_config), (8 bytes).
    Removing gd32e23x_usart.o(.text.usart_receive_fifo_enable), (22 bytes).
    Removing gd32e23x_usart.o(.ARM.exidx.text.usart_receive_fifo_enable), (8 bytes).
    Removing gd32e23x_usart.o(.text.usart_receive_fifo_disable), (22 bytes).
    Removing gd32e23x_usart.o(.ARM.exidx.text.usart_receive_fifo_disable), (8 bytes).
    Removing gd32e23x_usart.o(.text.usart_receive_fifo_counter_number), (22 bytes).
    Removing gd32e23x_usart.o(.ARM.exidx.text.usart_receive_fifo_counter_number), (8 bytes).
    Removing gd32e23x_usart.o(.text.usart_flag_get), (60 bytes).
    Removing gd32e23x_usart.o(.ARM.exidx.text.usart_flag_get), (8 bytes).
    Removing gd32e23x_usart.o(.text.usart_flag_clear), (30 bytes).
    Removing gd32e23x_usart.o(.ARM.exidx.text.usart_flag_clear), (8 bytes).
    Removing gd32e23x_usart.o(.text.usart_interrupt_enable), (34 bytes).
    Removing gd32e23x_usart.o(.ARM.exidx.text.usart_interrupt_enable), (8 bytes).
    Removing gd32e23x_usart.o(.text.usart_interrupt_disable), (34 bytes).
    Removing gd32e23x_usart.o(.ARM.exidx.text.usart_interrupt_disable), (8 bytes).
    Removing gd32e23x_usart.o(.text.usart_command_enable), (20 bytes).
    Removing gd32e23x_usart.o(.ARM.exidx.text.usart_command_enable), (8 bytes).
    Removing gd32e23x_usart.o(.ARM.exidx.text.usart_interrupt_flag_get), (8 bytes).
    Removing gd32e23x_usart.o(.ARM.exidx.text.usart_interrupt_flag_clear), (8 bytes).
    Removing gd32e23x_wwdgt.o(.text), (0 bytes).
    Removing gd32e23x_wwdgt.o(.text.wwdgt_deinit), (28 bytes).
    Removing gd32e23x_wwdgt.o(.ARM.exidx.text.wwdgt_deinit), (8 bytes).
    Removing gd32e23x_wwdgt.o(.text.wwdgt_enable), (16 bytes).
    Removing gd32e23x_wwdgt.o(.ARM.exidx.text.wwdgt_enable), (8 bytes).
    Removing gd32e23x_wwdgt.o(.text.wwdgt_counter_update), (44 bytes).
    Removing gd32e23x_wwdgt.o(.ARM.exidx.text.wwdgt_counter_update), (8 bytes).
    Removing gd32e23x_wwdgt.o(.text.wwdgt_config), (92 bytes).
    Removing gd32e23x_wwdgt.o(.ARM.exidx.text.wwdgt_config), (8 bytes).
    Removing gd32e23x_wwdgt.o(.text.wwdgt_interrupt_enable), (20 bytes).
    Removing gd32e23x_wwdgt.o(.ARM.exidx.text.wwdgt_interrupt_enable), (8 bytes).
    Removing gd32e23x_wwdgt.o(.text.wwdgt_flag_get), (40 bytes).
    Removing gd32e23x_wwdgt.o(.ARM.exidx.text.wwdgt_flag_get), (8 bytes).
    Removing gd32e23x_wwdgt.o(.text.wwdgt_flag_clear), (16 bytes).
    Removing gd32e23x_wwdgt.o(.ARM.exidx.text.wwdgt_flag_clear), (8 bytes).
    Removing fmul.o(.text), (122 bytes).
    Removing fdiv.o(.text), (124 bytes).
    Removing ffltui.o(.text), (14 bytes).
    Removing ffixui.o(.text), (40 bytes).
    Removing fepilogue.o(.text), (130 bytes).

1074 unused section(s) (total 36085 bytes) removed from the image.

==============================================================================

Image Symbol Table

    Local Symbols

    Symbol Name                              Value     Ov Type        Size  Object(Section)

    ../clib/division.s                       0x00000000   Number         0  aeabi_sdiv.o ABSOLUTE
    ../clib/division.s                       0x00000000   Number         0  aeabi_sdiv_div0.o ABSOLUTE
    ../clib/microlib/division.c              0x00000000   Number         0  uidiv.o ABSOLUTE
    ../clib/microlib/division.c              0x00000000   Number         0  uldiv.o ABSOLUTE
    ../clib/microlib/division.c              0x00000000   Number         0  uidiv_div0.o ABSOLUTE
    ../clib/microlib/division.c              0x00000000   Number         0  idiv_div0.o ABSOLUTE
    ../clib/microlib/division.c              0x00000000   Number         0  idiv0.o ABSOLUTE
    ../clib/microlib/init/entry.s            0x00000000   Number         0  entry.o ABSOLUTE
    ../clib/microlib/init/entry.s            0x00000000   Number         0  entry2.o ABSOLUTE
    ../clib/microlib/init/entry.s            0x00000000   Number         0  entry5.o ABSOLUTE
    ../clib/microlib/init/entry.s            0x00000000   Number         0  entry7a.o ABSOLUTE
    ../clib/microlib/init/entry.s            0x00000000   Number         0  entry7b.o ABSOLUTE
    ../clib/microlib/init/entry.s            0x00000000   Number         0  entry8a.o ABSOLUTE
    ../clib/microlib/init/entry.s            0x00000000   Number         0  entry8b.o ABSOLUTE
    ../clib/microlib/init/entry.s            0x00000000   Number         0  entry9a.o ABSOLUTE
    ../clib/microlib/init/entry.s            0x00000000   Number         0  entry9b.o ABSOLUTE
    ../clib/microlib/init/entry.s            0x00000000   Number         0  entry10a.o ABSOLUTE
    ../clib/microlib/init/entry.s            0x00000000   Number         0  entry10b.o ABSOLUTE
    ../clib/microlib/init/entry.s            0x00000000   Number         0  entry11a.o ABSOLUTE
    ../clib/microlib/init/entry.s            0x00000000   Number         0  entry11b.o ABSOLUTE
    ../clib/microlib/longlong.c              0x00000000   Number         0  llshl.o ABSOLUTE
    ../clib/microlib/longlong.c              0x00000000   Number         0  llushr.o ABSOLUTE
    ../clib/microlib/longlong.c              0x00000000   Number         0  llsshr.o ABSOLUTE
    ../clib/microlib/printf/printf.c         0x00000000   Number         0  printfa.o ABSOLUTE
    ../clib/microlib/stdio/streams.c         0x00000000   Number         0  stdout.o ABSOLUTE
    ../clib/microlib/stubs.s                 0x00000000   Number         0  iusefp.o ABSOLUTE
    ../fplib/microlib/fpadd.c                0x00000000   Number         0  dadd.o ABSOLUTE
    ../fplib/microlib/fpdiv.c                0x00000000   Number         0  fdiv.o ABSOLUTE
    ../fplib/microlib/fpdiv.c                0x00000000   Number         0  ddiv.o ABSOLUTE
    ../fplib/microlib/fpepilogue.c           0x00000000   Number         0  fepilogue.o ABSOLUTE
    ../fplib/microlib/fpepilogue.c           0x00000000   Number         0  depilogue.o ABSOLUTE
    ../fplib/microlib/fpfix.c                0x00000000   Number         0  ffixui.o ABSOLUTE
    ../fplib/microlib/fpfix.c                0x00000000   Number         0  dfixul.o ABSOLUTE
    ../fplib/microlib/fpflt.c                0x00000000   Number         0  ffltui.o ABSOLUTE
    ../fplib/microlib/fpmul.c                0x00000000   Number         0  fmul.o ABSOLUTE
    ../fplib/microlib/fpmul.c                0x00000000   Number         0  dmul.o ABSOLUTE
    ..\Firmware\CMSIS\GD\GD32E23x\Source\ARM\startup_gd32e23x.s 0x00000000   Number         0  startup_gd32e23x.o ABSOLUTE
    OLED_I2C.c                               0x00000000   Number         0  oled_i2c.o ABSOLUTE
    bsp_usart.c                              0x00000000   Number         0  bsp_usart.o ABSOLUTE
    cdrcmple.s                               0x00000000   Number         0  cdrcmple.o ABSOLUTE
    dc.s                                     0x00000000   Number         0  dc.o ABSOLUTE
    delay.c                                  0x00000000   Number         0  delay.o ABSOLUTE
    gd32e23x_adc.c                           0x00000000   Number         0  gd32e23x_adc.o ABSOLUTE
    gd32e23x_cmp.c                           0x00000000   Number         0  gd32e23x_cmp.o ABSOLUTE
    gd32e23x_crc.c                           0x00000000   Number         0  gd32e23x_crc.o ABSOLUTE
    gd32e23x_dbg.c                           0x00000000   Number         0  gd32e23x_dbg.o ABSOLUTE
    gd32e23x_dma.c                           0x00000000   Number         0  gd32e23x_dma.o ABSOLUTE
    gd32e23x_exti.c                          0x00000000   Number         0  gd32e23x_exti.o ABSOLUTE
    gd32e23x_fmc.c                           0x00000000   Number         0  gd32e23x_fmc.o ABSOLUTE
    gd32e23x_fwdgt.c                         0x00000000   Number         0  gd32e23x_fwdgt.o ABSOLUTE
    gd32e23x_gpio.c                          0x00000000   Number         0  gd32e23x_gpio.o ABSOLUTE
    gd32e23x_i2c.c                           0x00000000   Number         0  gd32e23x_i2c.o ABSOLUTE
    gd32e23x_it.c                            0x00000000   Number         0  gd32e23x_it.o ABSOLUTE
    gd32e23x_misc.c                          0x00000000   Number         0  gd32e23x_misc.o ABSOLUTE
    gd32e23x_pmu.c                           0x00000000   Number         0  gd32e23x_pmu.o ABSOLUTE
    gd32e23x_rcu.c                           0x00000000   Number         0  gd32e23x_rcu.o ABSOLUTE
    gd32e23x_rtc.c                           0x00000000   Number         0  gd32e23x_rtc.o ABSOLUTE
    gd32e23x_spi.c                           0x00000000   Number         0  gd32e23x_spi.o ABSOLUTE
    gd32e23x_syscfg.c                        0x00000000   Number         0  gd32e23x_syscfg.o ABSOLUTE
    gd32e23x_timer.c                         0x00000000   Number         0  gd32e23x_timer.o ABSOLUTE
    gd32e23x_usart.c                         0x00000000   Number         0  gd32e23x_usart.o ABSOLUTE
    gd32e23x_wwdgt.c                         0x00000000   Number         0  gd32e23x_wwdgt.o ABSOLUTE
    handlers.s                               0x00000000   Number         0  handlers.o ABSOLUTE
    init.s                                   0x00000000   Number         0  init.o ABSOLUTE
    main.c                                   0x00000000   Number         0  main.o ABSOLUTE
    system_gd32e23x.c                        0x00000000   Number         0  system_gd32e23x.o ABSOLUTE
    systick.c                                0x00000000   Number         0  systick.o ABSOLUTE
    RESET                                    0x08000000   Section      204  startup_gd32e23x.o(RESET)
    .ARM.Collect$$$$00000000                 0x080000cc   Section        0  entry.o(.ARM.Collect$$$$00000000)
    .ARM.Collect$$$$00000001                 0x080000cc   Section        4  entry2.o(.ARM.Collect$$$$00000001)
    .ARM.Collect$$$$00000004                 0x080000d0   Section        4  entry5.o(.ARM.Collect$$$$00000004)
    .ARM.Collect$$$$00000008                 0x080000d4   Section        0  entry7b.o(.ARM.Collect$$$$00000008)
    .ARM.Collect$$$$0000000A                 0x080000d4   Section        0  entry8b.o(.ARM.Collect$$$$0000000A)
    .ARM.Collect$$$$0000000B                 0x080000d4   Section        8  entry9a.o(.ARM.Collect$$$$0000000B)
    __lit__00000000                          0x080000dc   Data           4  entry2.o(.ARM.Collect$$$$00002712)
    .ARM.Collect$$$$0000000D                 0x080000dc   Section        0  entry10a.o(.ARM.Collect$$$$0000000D)
    .ARM.Collect$$$$0000000F                 0x080000dc   Section        0  entry11a.o(.ARM.Collect$$$$0000000F)
    .ARM.Collect$$$$00002712                 0x080000dc   Section        4  entry2.o(.ARM.Collect$$$$00002712)
    .text                                    0x080000e0   Section       28  startup_gd32e23x.o(.text)
    .text                                    0x080000fc   Section        0  uldiv.o(.text)
    .text                                    0x0800015c   Section        0  iusefp.o(.text)
    .text                                    0x0800015c   Section        0  dadd.o(.text)
    .text                                    0x080002c0   Section        0  dmul.o(.text)
    .text                                    0x08000390   Section        0  ddiv.o(.text)
    .text                                    0x08000480   Section        0  dfixul.o(.text)
    .text                                    0x080004c0   Section       40  cdrcmple.o(.text)
    .text                                    0x080004e8   Section       48  init.o(.text)
    .text                                    0x08000518   Section        0  uidiv_div0.o(.text)
    .text                                    0x08000556   Section        0  llshl.o(.text)
    .text                                    0x08000576   Section        0  llushr.o(.text)
    .text                                    0x08000598   Section        0  llsshr.o(.text)
    .text                                    0x080005be   Section        0  depilogue.o(.text)
    [Anonymous Symbol]                       0x0800067c   Section        0  oled_i2c.o(.text.AHT10Init)
    [Anonymous Symbol]                       0x08000728   Section        0  oled_i2c.o(.text.AHT10ReadData)
    __arm_cp.16_0                            0x080009bc   Number         4  oled_i2c.o(.text.AHT10ReadData)
    __arm_cp.16_1                            0x080009c0   Number         4  oled_i2c.o(.text.AHT10ReadData)
    __arm_cp.16_2                            0x080009c4   Number         4  oled_i2c.o(.text.AHT10ReadData)
    __arm_cp.16_3                            0x080009c8   Number         4  oled_i2c.o(.text.AHT10ReadData)
    __arm_cp.16_4                            0x080009cc   Number         4  oled_i2c.o(.text.AHT10ReadData)
    __arm_cp.16_5                            0x080009d0   Number         4  oled_i2c.o(.text.AHT10ReadData)
    [Anonymous Symbol]                       0x080009d4   Section        0  delay.o(.text.DelayInit)
    __arm_cp.0_0                             0x080009fc   Number         4  delay.o(.text.DelayInit)
    __arm_cp.0_1                             0x08000a00   Number         4  delay.o(.text.DelayInit)
    __arm_cp.0_2                             0x08000a04   Number         4  delay.o(.text.DelayInit)
    [Anonymous Symbol]                       0x08000a08   Section        0  delay.o(.text.DelayMs)
    __arm_cp.2_0                             0x08000a70   Number         4  delay.o(.text.DelayMs)
    __arm_cp.2_1                             0x08000a74   Number         4  delay.o(.text.DelayMs)
    __arm_cp.2_2                             0x08000a78   Number         4  delay.o(.text.DelayMs)
    __arm_cp.2_3                             0x08000a7c   Number         4  delay.o(.text.DelayMs)
    [Anonymous Symbol]                       0x08000a80   Section        0  gd32e23x_it.o(.text.HardFault_Handler)
    [Anonymous Symbol]                       0x08000a84   Section        0  oled_i2c.o(.text.I2C_Configuration)
    __arm_cp.0_0                             0x08000b20   Number         4  oled_i2c.o(.text.I2C_Configuration)
    __arm_cp.0_1                             0x08000b24   Number         4  oled_i2c.o(.text.I2C_Configuration)
    __arm_cp.0_2                             0x08000b28   Number         4  oled_i2c.o(.text.I2C_Configuration)
    __arm_cp.0_3                             0x08000b2c   Number         4  oled_i2c.o(.text.I2C_Configuration)
    __arm_cp.0_4                             0x08000b30   Number         4  oled_i2c.o(.text.I2C_Configuration)
    [Anonymous Symbol]                       0x08000b34   Section        0  oled_i2c.o(.text.I2C_WriteByte)
    __arm_cp.1_0                             0x08000bc8   Number         4  oled_i2c.o(.text.I2C_WriteByte)
    __arm_cp.1_1                             0x08000bcc   Number         4  oled_i2c.o(.text.I2C_WriteByte)
    __arm_cp.1_2                             0x08000bd0   Number         4  oled_i2c.o(.text.I2C_WriteByte)
    __arm_cp.1_3                             0x08000bd4   Number         4  oled_i2c.o(.text.I2C_WriteByte)
    [Anonymous Symbol]                       0x08000bd8   Section        0  gd32e23x_it.o(.text.NMI_Handler)
    [Anonymous Symbol]                       0x08000bda   Section        0  oled_i2c.o(.text.OLED_Fill)
    [Anonymous Symbol]                       0x08000c40   Section        0  oled_i2c.o(.text.OLED_Init)
    [Anonymous Symbol]                       0x08000cee   Section        0  oled_i2c.o(.text.OLED_SetPos)
    [Anonymous Symbol]                       0x08000d2c   Section        0  oled_i2c.o(.text.OLED_ShowStr)
    __arm_cp.10_0                            0x08000eb8   Number         4  oled_i2c.o(.text.OLED_ShowStr)
    __arm_cp.10_1                            0x08000ebc   Number         4  oled_i2c.o(.text.OLED_ShowStr)
    [Anonymous Symbol]                       0x08000ec0   Section        0  gd32e23x_it.o(.text.PendSV_Handler)
    [Anonymous Symbol]                       0x08000ec2   Section        0  gd32e23x_it.o(.text.SVC_Handler)
    [Anonymous Symbol]                       0x08000ec4   Section        0  gd32e23x_it.o(.text.SysTick_Handler)
    [Anonymous Symbol]                       0x08000ec8   Section        0  system_gd32e23x.o(.text.SystemInit)
    __arm_cp.0_0                             0x08000f50   Number         4  system_gd32e23x.o(.text.SystemInit)
    __arm_cp.0_1                             0x08000f54   Number         4  system_gd32e23x.o(.text.SystemInit)
    __arm_cp.0_2                             0x08000f58   Number         4  system_gd32e23x.o(.text.SystemInit)
    __arm_cp.0_3                             0x08000f5c   Number         4  system_gd32e23x.o(.text.SystemInit)
    __arm_cp.0_4                             0x08000f60   Number         4  system_gd32e23x.o(.text.SystemInit)
    __arm_cp.0_5                             0x08000f64   Number         4  system_gd32e23x.o(.text.SystemInit)
    __arm_cp.0_6                             0x08000f68   Number         4  system_gd32e23x.o(.text.SystemInit)
    __arm_cp.0_7                             0x08000f6c   Number         4  system_gd32e23x.o(.text.SystemInit)
    __arm_cp.0_8                             0x08000f70   Number         4  system_gd32e23x.o(.text.SystemInit)
    [Anonymous Symbol]                       0x08000f74   Section        0  bsp_usart.o(.text.USART0_IRQHandler)
    __arm_cp.4_0                             0x08000fd0   Number         4  bsp_usart.o(.text.USART0_IRQHandler)
    __arm_cp.4_1                             0x08000fd4   Number         4  bsp_usart.o(.text.USART0_IRQHandler)
    __arm_cp.4_2                             0x08000fd8   Number         4  bsp_usart.o(.text.USART0_IRQHandler)
    __arm_cp.4_3                             0x08000fdc   Number         4  bsp_usart.o(.text.USART0_IRQHandler)
    __arm_cp.4_4                             0x08000fe0   Number         4  bsp_usart.o(.text.USART0_IRQHandler)
    __arm_cp.4_5                             0x08000fe4   Number         4  bsp_usart.o(.text.USART0_IRQHandler)
    [Anonymous Symbol]                       0x08000fe8   Section        0  oled_i2c.o(.text.WriteCmd)
    [Anonymous Symbol]                       0x08000ffe   Section        0  oled_i2c.o(.text.WriteDat)
    [Anonymous Symbol]                       0x08001014   Section        0  gd32e23x_gpio.o(.text.gpio_af_set)
    [Anonymous Symbol]                       0x080010d4   Section        0  gd32e23x_gpio.o(.text.gpio_bit_write)
    [Anonymous Symbol]                       0x080010f8   Section        0  gd32e23x_gpio.o(.text.gpio_mode_set)
    [Anonymous Symbol]                       0x08001186   Section        0  gd32e23x_gpio.o(.text.gpio_output_options_set)
    [Anonymous Symbol]                       0x08001210   Section        0  gd32e23x_i2c.o(.text.i2c_ack_config)
    [Anonymous Symbol]                       0x08001240   Section        0  gd32e23x_i2c.o(.text.i2c_clock_config)
    __arm_cp.1_0                             0x080013f4   Number         4  gd32e23x_i2c.o(.text.i2c_clock_config)
    __arm_cp.1_1                             0x080013f8   Number         4  gd32e23x_i2c.o(.text.i2c_clock_config)
    __arm_cp.1_2                             0x080013fc   Number         4  gd32e23x_i2c.o(.text.i2c_clock_config)
    __arm_cp.1_3                             0x08001400   Number         4  gd32e23x_i2c.o(.text.i2c_clock_config)
    [Anonymous Symbol]                       0x08001404   Section        0  gd32e23x_i2c.o(.text.i2c_data_receive)
    [Anonymous Symbol]                       0x08001412   Section        0  gd32e23x_i2c.o(.text.i2c_data_transmit)
    [Anonymous Symbol]                       0x08001424   Section        0  gd32e23x_i2c.o(.text.i2c_deinit)
    __arm_cp.0_0                             0x08001468   Number         4  gd32e23x_i2c.o(.text.i2c_deinit)
    __arm_cp.0_1                             0x0800146c   Number         4  gd32e23x_i2c.o(.text.i2c_deinit)
    __arm_cp.0_2                             0x08001470   Number         4  gd32e23x_i2c.o(.text.i2c_deinit)
    __arm_cp.0_3                             0x08001474   Number         4  gd32e23x_i2c.o(.text.i2c_deinit)
    [Anonymous Symbol]                       0x08001478   Section        0  gd32e23x_i2c.o(.text.i2c_enable)
    [Anonymous Symbol]                       0x0800148c   Section        0  gd32e23x_i2c.o(.text.i2c_flag_clear)
    __arm_cp.30_0                            0x080014c8   Number         4  gd32e23x_i2c.o(.text.i2c_flag_clear)
    [Anonymous Symbol]                       0x080014cc   Section        0  gd32e23x_i2c.o(.text.i2c_flag_get)
    [Anonymous Symbol]                       0x08001508   Section        0  gd32e23x_i2c.o(.text.i2c_master_addressing)
    [Anonymous Symbol]                       0x08001538   Section        0  gd32e23x_i2c.o(.text.i2c_mode_addr_config)
    __arm_cp.2_0                             0x08001578   Number         4  gd32e23x_i2c.o(.text.i2c_mode_addr_config)
    [Anonymous Symbol]                       0x0800157c   Section        0  gd32e23x_i2c.o(.text.i2c_start_on_bus)
    [Anonymous Symbol]                       0x08001590   Section        0  gd32e23x_i2c.o(.text.i2c_stop_on_bus)
    [Anonymous Symbol]                       0x080015a4   Section        0  main.o(.text.main)
    __arm_cp.0_0                             0x080016a4   Number         4  main.o(.text.main)
    __arm_cp.0_1                             0x080016a8   Number         4  main.o(.text.main)
    __arm_cp.0_2                             0x080016ac   Number         4  main.o(.text.main)
    __arm_cp.0_3                             0x080016b0   Number         4  main.o(.text.main)
    __arm_cp.0_4                             0x080016b4   Number         4  main.o(.text.main)
    __arm_cp.0_5                             0x080016b8   Number         4  main.o(.text.main)
    __arm_cp.0_6                             0x080016bc   Number         4  main.o(.text.main)
    __arm_cp.0_7                             0x080016c0   Number         4  main.o(.text.main)
    __arm_cp.0_8                             0x080016c4   Number         4  main.o(.text.main)
    __arm_cp.0_9                             0x080016c8   Number         4  main.o(.text.main)
    __arm_cp.0_10                            0x080016cc   Number         4  main.o(.text.main)
    [Anonymous Symbol]                       0x080016d0   Section        0  gd32e23x_misc.o(.text.nvic_vector_table_set)
    __arm_cp.7_0                             0x080016e8   Number         4  gd32e23x_misc.o(.text.nvic_vector_table_set)
    __arm_cp.7_1                             0x080016ec   Number         4  gd32e23x_misc.o(.text.nvic_vector_table_set)
    [Anonymous Symbol]                       0x080016f0   Section        0  gd32e23x_rcu.o(.text.rcu_clock_freq_get)
    __arm_cp.38_0                            0x08001948   Number         4  gd32e23x_rcu.o(.text.rcu_clock_freq_get)
    __arm_cp.38_1                            0x0800194c   Number         4  gd32e23x_rcu.o(.text.rcu_clock_freq_get)
    __arm_cp.38_3                            0x08001950   Number         4  gd32e23x_rcu.o(.text.rcu_clock_freq_get)
    __arm_cp.38_4                            0x08001954   Number         4  gd32e23x_rcu.o(.text.rcu_clock_freq_get)
    __arm_cp.38_5                            0x08001958   Number         4  gd32e23x_rcu.o(.text.rcu_clock_freq_get)
    __arm_cp.38_6                            0x0800195c   Number         4  gd32e23x_rcu.o(.text.rcu_clock_freq_get)
    __arm_cp.38_7                            0x08001960   Number         4  gd32e23x_rcu.o(.text.rcu_clock_freq_get)
    __arm_cp.38_8                            0x08001964   Number         4  gd32e23x_rcu.o(.text.rcu_clock_freq_get)
    [Anonymous Symbol]                       0x08001968   Section        0  gd32e23x_rcu.o(.text.rcu_periph_clock_enable)
    [Anonymous Symbol]                       0x0800198c   Section        0  gd32e23x_rcu.o(.text.rcu_periph_reset_disable)
    [Anonymous Symbol]                       0x080019b0   Section        0  gd32e23x_rcu.o(.text.rcu_periph_reset_enable)
    system_clock_72m_hxtal                   0x080019d5   Thumb Code   208  system_gd32e23x.o(.text.system_clock_72m_hxtal)
    [Anonymous Symbol]                       0x080019d4   Section        0  system_gd32e23x.o(.text.system_clock_72m_hxtal)
    __arm_cp.3_0                             0x08001aa4   Number         4  system_gd32e23x.o(.text.system_clock_72m_hxtal)
    __arm_cp.3_1                             0x08001aa8   Number         4  system_gd32e23x.o(.text.system_clock_72m_hxtal)
    __arm_cp.3_2                             0x08001aac   Number         4  system_gd32e23x.o(.text.system_clock_72m_hxtal)
    __arm_cp.3_3                             0x08001ab0   Number         4  system_gd32e23x.o(.text.system_clock_72m_hxtal)
    system_clock_config                      0x08001ab5   Thumb Code     8  system_gd32e23x.o(.text.system_clock_config)
    [Anonymous Symbol]                       0x08001ab4   Section        0  system_gd32e23x.o(.text.system_clock_config)
    [Anonymous Symbol]                       0x08001abc   Section        0  gd32e23x_misc.o(.text.systick_clksource_set)
    __arm_cp.10_0                            0x08001ae4   Number         4  gd32e23x_misc.o(.text.systick_clksource_set)
    [Anonymous Symbol]                       0x08001ae8   Section        0  gd32e23x_usart.o(.text.usart_data_receive)
    __arm_cp.19_0                            0x08001af8   Number         4  gd32e23x_usart.o(.text.usart_data_receive)
    [Anonymous Symbol]                       0x08001afc   Section        0  gd32e23x_usart.o(.text.usart_interrupt_flag_clear)
    __arm_cp.73_0                            0x08001b38   Number         4  gd32e23x_usart.o(.text.usart_interrupt_flag_clear)
    [Anonymous Symbol]                       0x08001b3c   Section        0  gd32e23x_usart.o(.text.usart_interrupt_flag_get)
    i.__0sprintf                             0x08001ba0   Section        0  printfa.o(i.__0sprintf)
    i.__ARM_clz                              0x08001bc8   Section        0  depilogue.o(i.__ARM_clz)
    i.__scatterload_copy                     0x08001bf6   Section       14  handlers.o(i.__scatterload_copy)
    i.__scatterload_null                     0x08001c04   Section        2  handlers.o(i.__scatterload_null)
    i.__scatterload_zeroinit                 0x08001c06   Section       14  handlers.o(i.__scatterload_zeroinit)
    _fp_digits                               0x08001c15   Thumb Code   344  printfa.o(i._fp_digits)
    i._fp_digits                             0x08001c14   Section        0  printfa.o(i._fp_digits)
    _printf_core                             0x08001d89   Thumb Code  1754  printfa.o(i._printf_core)
    i._printf_core                           0x08001d88   Section        0  printfa.o(i._printf_core)
    _printf_post_padding                     0x08002475   Thumb Code    32  printfa.o(i._printf_post_padding)
    i._printf_post_padding                   0x08002474   Section        0  printfa.o(i._printf_post_padding)
    _printf_pre_padding                      0x08002495   Thumb Code    44  printfa.o(i._printf_pre_padding)
    i._printf_pre_padding                    0x08002494   Section        0  printfa.o(i._printf_pre_padding)
    _sputc                                   0x080024c1   Thumb Code    10  printfa.o(i._sputc)
    i._sputc                                 0x080024c0   Section        0  printfa.o(i._sputc)
    [Anonymous Symbol]                       0x08002ce2   Section        0  main.o(.rodata.str1.1)
    fac_ms                                   0x20000034   Data           2  delay.o(.bss.fac_ms)
    [Anonymous Symbol]                       0x20000034   Section        0  delay.o(.bss.fac_ms)
    fac_us                                   0x20000036   Data           1  delay.o(.bss.fac_us)
    [Anonymous Symbol]                       0x20000036   Section        0  delay.o(.bss.fac_us)
    STACK                                    0x20001040   Section     1024  startup_gd32e23x.o(STACK)

    Global Symbols

    Symbol Name                              Value     Ov Type        Size  Object(Section)

    BuildAttributes$$THM_ISAv3M$S$8M$PE$A:L22$X:L11$S22$IEEE1$IW$~IW$USESV6$~STKCKD$USESV7$~SHL$OTIME$ROPI$EBA8$MICROLIB$REQ8$PRES8$EABIv2 0x00000000   Number         0  anon$$obj.o ABSOLUTE
    __cpp_initialize__aeabi_                  - Undefined Weak Reference
    __cxa_finalize                            - Undefined Weak Reference
    __decompress                              - Undefined Weak Reference
    _clock_init                               - Undefined Weak Reference
    _microlib_exit                            - Undefined Weak Reference
    __Vectors_Size                           0x000000cc   Number         0  startup_gd32e23x.o ABSOLUTE
    __Vectors                                0x08000000   Data           4  startup_gd32e23x.o(RESET)
    __Vectors_End                            0x080000cc   Data           0  startup_gd32e23x.o(RESET)
    __main                                   0x080000cd   Thumb Code     0  entry.o(.ARM.Collect$$$$00000000)
    _main_stk                                0x080000cd   Thumb Code     0  entry2.o(.ARM.Collect$$$$00000001)
    _main_scatterload                        0x080000d1   Thumb Code     0  entry5.o(.ARM.Collect$$$$00000004)
    __main_after_scatterload                 0x080000d5   Thumb Code     0  entry5.o(.ARM.Collect$$$$00000004)
    _main_clock                              0x080000d5   Thumb Code     0  entry7b.o(.ARM.Collect$$$$00000008)
    _main_cpp_init                           0x080000d5   Thumb Code     0  entry8b.o(.ARM.Collect$$$$0000000A)
    _main_init                               0x080000d5   Thumb Code     0  entry9a.o(.ARM.Collect$$$$0000000B)
    __rt_final_cpp                           0x080000dd   Thumb Code     0  entry10a.o(.ARM.Collect$$$$0000000D)
    __rt_final_exit                          0x080000dd   Thumb Code     0  entry11a.o(.ARM.Collect$$$$0000000F)
    Reset_Handler                            0x080000e1   Thumb Code     8  startup_gd32e23x.o(.text)
    ADC_CMP_IRQHandler                       0x080000f3   Thumb Code     0  startup_gd32e23x.o(.text)
    DMA_Channel0_IRQHandler                  0x080000f3   Thumb Code     0  startup_gd32e23x.o(.text)
    DMA_Channel1_2_IRQHandler                0x080000f3   Thumb Code     0  startup_gd32e23x.o(.text)
    DMA_Channel3_4_IRQHandler                0x080000f3   Thumb Code     0  startup_gd32e23x.o(.text)
    EXTI0_1_IRQHandler                       0x080000f3   Thumb Code     0  startup_gd32e23x.o(.text)
    EXTI2_3_IRQHandler                       0x080000f3   Thumb Code     0  startup_gd32e23x.o(.text)
    EXTI4_15_IRQHandler                      0x080000f3   Thumb Code     0  startup_gd32e23x.o(.text)
    FMC_IRQHandler                           0x080000f3   Thumb Code     0  startup_gd32e23x.o(.text)
    I2C0_ER_IRQHandler                       0x080000f3   Thumb Code     0  startup_gd32e23x.o(.text)
    I2C0_EV_IRQHandler                       0x080000f3   Thumb Code     0  startup_gd32e23x.o(.text)
    I2C1_ER_IRQHandler                       0x080000f3   Thumb Code     0  startup_gd32e23x.o(.text)
    I2C1_EV_IRQHandler                       0x080000f3   Thumb Code     0  startup_gd32e23x.o(.text)
    LVD_IRQHandler                           0x080000f3   Thumb Code     0  startup_gd32e23x.o(.text)
    RCU_IRQHandler                           0x080000f3   Thumb Code     0  startup_gd32e23x.o(.text)
    RTC_IRQHandler                           0x080000f3   Thumb Code     0  startup_gd32e23x.o(.text)
    SPI0_IRQHandler                          0x080000f3   Thumb Code     0  startup_gd32e23x.o(.text)
    SPI1_IRQHandler                          0x080000f3   Thumb Code     0  startup_gd32e23x.o(.text)
    TIMER0_BRK_UP_TRG_COM_IRQHandler         0x080000f3   Thumb Code     0  startup_gd32e23x.o(.text)
    TIMER0_Channel_IRQHandler                0x080000f3   Thumb Code     0  startup_gd32e23x.o(.text)
    TIMER13_IRQHandler                       0x080000f3   Thumb Code     0  startup_gd32e23x.o(.text)
    TIMER14_IRQHandler                       0x080000f3   Thumb Code     0  startup_gd32e23x.o(.text)
    TIMER15_IRQHandler                       0x080000f3   Thumb Code     0  startup_gd32e23x.o(.text)
    TIMER16_IRQHandler                       0x080000f3   Thumb Code     0  startup_gd32e23x.o(.text)
    TIMER2_IRQHandler                        0x080000f3   Thumb Code     0  startup_gd32e23x.o(.text)
    TIMER5_IRQHandler                        0x080000f3   Thumb Code     0  startup_gd32e23x.o(.text)
    USART1_IRQHandler                        0x080000f3   Thumb Code     0  startup_gd32e23x.o(.text)
    WWDGT_IRQHandler                         0x080000f3   Thumb Code     0  startup_gd32e23x.o(.text)
    __aeabi_uldivmod                         0x080000fd   Thumb Code    96  uldiv.o(.text)
    __I$use$fp                               0x0800015d   Thumb Code     0  iusefp.o(.text)
    __aeabi_dadd                             0x0800015d   Thumb Code   328  dadd.o(.text)
    __aeabi_dsub                             0x080002a5   Thumb Code    12  dadd.o(.text)
    __aeabi_drsub                            0x080002b1   Thumb Code    12  dadd.o(.text)
    __aeabi_dmul                             0x080002c1   Thumb Code   202  dmul.o(.text)
    __aeabi_ddiv                             0x08000391   Thumb Code   234  ddiv.o(.text)
    __aeabi_d2ulz                            0x08000481   Thumb Code    54  dfixul.o(.text)
    __aeabi_cdrcmple                         0x080004c1   Thumb Code    38  cdrcmple.o(.text)
    __scatterload                            0x080004e9   Thumb Code    38  init.o(.text)
    __scatterload_rt2                        0x080004e9   Thumb Code     0  init.o(.text)
    __aeabi_uidiv$div0                       0x08000519   Thumb Code     0  uidiv_div0.o(.text)
    __aeabi_uidivmod                         0x08000519   Thumb Code    62  uidiv_div0.o(.text)
    __aeabi_llsl                             0x08000557   Thumb Code    32  llshl.o(.text)
    _ll_shift_l                              0x08000557   Thumb Code     0  llshl.o(.text)
    __aeabi_llsr                             0x08000577   Thumb Code    34  llushr.o(.text)
    _ll_ushift_r                             0x08000577   Thumb Code     0  llushr.o(.text)
    __aeabi_lasr                             0x08000599   Thumb Code    38  llsshr.o(.text)
    _ll_sshift_r                             0x08000599   Thumb Code     0  llsshr.o(.text)
    _double_round                            0x080005bf   Thumb Code    26  depilogue.o(.text)
    _double_epilogue                         0x080005d9   Thumb Code   164  depilogue.o(.text)
    AHT10Init                                0x0800067d   Thumb Code   172  oled_i2c.o(.text.AHT10Init)
    AHT10ReadData                            0x08000729   Thumb Code   660  oled_i2c.o(.text.AHT10ReadData)
    DelayInit                                0x080009d5   Thumb Code    40  delay.o(.text.DelayInit)
    DelayMs                                  0x08000a09   Thumb Code   104  delay.o(.text.DelayMs)
    HardFault_Handler                        0x08000a81   Thumb Code     4  gd32e23x_it.o(.text.HardFault_Handler)
    I2C_Configuration                        0x08000a85   Thumb Code   156  oled_i2c.o(.text.I2C_Configuration)
    I2C_WriteByte                            0x08000b35   Thumb Code   148  oled_i2c.o(.text.I2C_WriteByte)
    NMI_Handler                              0x08000bd9   Thumb Code     2  gd32e23x_it.o(.text.NMI_Handler)
    OLED_Fill                                0x08000bdb   Thumb Code   102  oled_i2c.o(.text.OLED_Fill)
    OLED_Init                                0x08000c41   Thumb Code   174  oled_i2c.o(.text.OLED_Init)
    OLED_SetPos                              0x08000cef   Thumb Code    60  oled_i2c.o(.text.OLED_SetPos)
    OLED_ShowStr                             0x08000d2d   Thumb Code   396  oled_i2c.o(.text.OLED_ShowStr)
    PendSV_Handler                           0x08000ec1   Thumb Code     2  gd32e23x_it.o(.text.PendSV_Handler)
    SVC_Handler                              0x08000ec3   Thumb Code     2  gd32e23x_it.o(.text.SVC_Handler)
    SysTick_Handler                          0x08000ec5   Thumb Code     2  gd32e23x_it.o(.text.SysTick_Handler)
    SystemInit                               0x08000ec9   Thumb Code   136  system_gd32e23x.o(.text.SystemInit)
    USART0_IRQHandler                        0x08000f75   Thumb Code    92  bsp_usart.o(.text.USART0_IRQHandler)
    WriteCmd                                 0x08000fe9   Thumb Code    22  oled_i2c.o(.text.WriteCmd)
    WriteDat                                 0x08000fff   Thumb Code    22  oled_i2c.o(.text.WriteDat)
    gpio_af_set                              0x08001015   Thumb Code   192  gd32e23x_gpio.o(.text.gpio_af_set)
    gpio_bit_write                           0x080010d5   Thumb Code    36  gd32e23x_gpio.o(.text.gpio_bit_write)
    gpio_mode_set                            0x080010f9   Thumb Code   142  gd32e23x_gpio.o(.text.gpio_mode_set)
    gpio_output_options_set                  0x08001187   Thumb Code   138  gd32e23x_gpio.o(.text.gpio_output_options_set)
    i2c_ack_config                           0x08001211   Thumb Code    46  gd32e23x_i2c.o(.text.i2c_ack_config)
    i2c_clock_config                         0x08001241   Thumb Code   436  gd32e23x_i2c.o(.text.i2c_clock_config)
    i2c_data_receive                         0x08001405   Thumb Code    14  gd32e23x_i2c.o(.text.i2c_data_receive)
    i2c_data_transmit                        0x08001413   Thumb Code    18  gd32e23x_i2c.o(.text.i2c_data_transmit)
    i2c_deinit                               0x08001425   Thumb Code    68  gd32e23x_i2c.o(.text.i2c_deinit)
    i2c_enable                               0x08001479   Thumb Code    18  gd32e23x_i2c.o(.text.i2c_enable)
    i2c_flag_clear                           0x0800148d   Thumb Code    60  gd32e23x_i2c.o(.text.i2c_flag_clear)
    i2c_flag_get                             0x080014cd   Thumb Code    60  gd32e23x_i2c.o(.text.i2c_flag_get)
    i2c_master_addressing                    0x08001509   Thumb Code    46  gd32e23x_i2c.o(.text.i2c_master_addressing)
    i2c_mode_addr_config                     0x08001539   Thumb Code    64  gd32e23x_i2c.o(.text.i2c_mode_addr_config)
    i2c_start_on_bus                         0x0800157d   Thumb Code    20  gd32e23x_i2c.o(.text.i2c_start_on_bus)
    i2c_stop_on_bus                          0x08001591   Thumb Code    20  gd32e23x_i2c.o(.text.i2c_stop_on_bus)
    main                                     0x080015a5   Thumb Code   256  main.o(.text.main)
    nvic_vector_table_set                    0x080016d1   Thumb Code    24  gd32e23x_misc.o(.text.nvic_vector_table_set)
    rcu_clock_freq_get                       0x080016f1   Thumb Code   600  gd32e23x_rcu.o(.text.rcu_clock_freq_get)
    rcu_periph_clock_enable                  0x08001969   Thumb Code    36  gd32e23x_rcu.o(.text.rcu_periph_clock_enable)
    rcu_periph_reset_disable                 0x0800198d   Thumb Code    36  gd32e23x_rcu.o(.text.rcu_periph_reset_disable)
    rcu_periph_reset_enable                  0x080019b1   Thumb Code    36  gd32e23x_rcu.o(.text.rcu_periph_reset_enable)
    systick_clksource_set                    0x08001abd   Thumb Code    40  gd32e23x_misc.o(.text.systick_clksource_set)
    usart_data_receive                       0x08001ae9   Thumb Code    16  gd32e23x_usart.o(.text.usart_data_receive)
    usart_interrupt_flag_clear               0x08001afd   Thumb Code    60  gd32e23x_usart.o(.text.usart_interrupt_flag_clear)
    usart_interrupt_flag_get                 0x08001b3d   Thumb Code    98  gd32e23x_usart.o(.text.usart_interrupt_flag_get)
    __0sprintf                               0x08001ba1   Thumb Code    36  printfa.o(i.__0sprintf)
    __1sprintf                               0x08001ba1   Thumb Code     0  printfa.o(i.__0sprintf)
    __2sprintf                               0x08001ba1   Thumb Code     0  printfa.o(i.__0sprintf)
    __c89sprintf                             0x08001ba1   Thumb Code     0  printfa.o(i.__0sprintf)
    sprintf                                  0x08001ba1   Thumb Code     0  printfa.o(i.__0sprintf)
    __ARM_clz                                0x08001bc9   Thumb Code    46  depilogue.o(i.__ARM_clz)
    __scatterload_copy                       0x08001bf7   Thumb Code    14  handlers.o(i.__scatterload_copy)
    __scatterload_null                       0x08001c05   Thumb Code     2  handlers.o(i.__scatterload_null)
    __scatterload_zeroinit                   0x08001c07   Thumb Code    14  handlers.o(i.__scatterload_zeroinit)
    F6x8                                     0x080024ca   Data         552  oled_i2c.o(.rodata.F6x8)
    F8X16                                    0x080026f2   Data        1520  oled_i2c.o(.rodata.F8X16)
    Region$$Table$$Base                      0x08002d20   Number         0  anon$$obj.o(Region$$Table)
    Region$$Table$$Limit                     0x08002d40   Number         0  anon$$obj.o(Region$$Table)
    SystemCoreClock                          0x20000000   Data           4  system_gd32e23x.o(.data.SystemCoreClock)
    CT_data                                  0x20000008   Data           8  main.o(.bss.CT_data)
    buf                                      0x20000010   Data          30  main.o(.bss.buf)
    c1                                       0x20000030   Data           4  main.o(.bss.c1)
    g_recv_buff                              0x20000037   Data        4096  bsp_usart.o(.bss.g_recv_buff)
    g_recv_complete_flag                     0x20001037   Data           1  bsp_usart.o(.bss.g_recv_complete_flag)
    g_recv_length                            0x20001038   Data           2  bsp_usart.o(.bss.g_recv_length)
    t1                                       0x2000103c   Data           4  main.o(.bss.t1)
    __initial_sp                             0x20001440   Data           0  startup_gd32e23x.o(STACK)



==============================================================================

Memory Map of the image

  Image Entry point : 0x080000cd

  Load Region LR_IROM1 (Base: 0x08000000, Size: 0x00002d48, Max: 0x00010000, ABSOLUTE)

    Execution Region ER_IROM1 (Exec base: 0x08000000, Load base: 0x08000000, Size: 0x00002d40, Max: 0x00010000, ABSOLUTE)

    Exec Addr    Load Addr    Size         Type   Attr      Idx    E Section Name        Object

    0x08000000   0x08000000   0x000000cc   Data   RO          149    RESET               startup_gd32e23x.o
    0x080000cc   0x080000cc   0x00000000   Code   RO         1293  * .ARM.Collect$$$$00000000  mc_p.l(entry.o)
    0x080000cc   0x080000cc   0x00000004   Code   RO         1332    .ARM.Collect$$$$00000001  mc_p.l(entry2.o)
    0x080000d0   0x080000d0   0x00000004   Code   RO         1335    .ARM.Collect$$$$00000004  mc_p.l(entry5.o)
    0x080000d4   0x080000d4   0x00000000   Code   RO         1337    .ARM.Collect$$$$00000008  mc_p.l(entry7b.o)
    0x080000d4   0x080000d4   0x00000000   Code   RO         1339    .ARM.Collect$$$$0000000A  mc_p.l(entry8b.o)
    0x080000d4   0x080000d4   0x00000008   Code   RO         1340    .ARM.Collect$$$$0000000B  mc_p.l(entry9a.o)
    0x080000dc   0x080000dc   0x00000000   Code   RO         1342    .ARM.Collect$$$$0000000D  mc_p.l(entry10a.o)
    0x080000dc   0x080000dc   0x00000000   Code   RO         1344    .ARM.Collect$$$$0000000F  mc_p.l(entry11a.o)
    0x080000dc   0x080000dc   0x00000004   Code   RO         1333    .ARM.Collect$$$$00002712  mc_p.l(entry2.o)
    0x080000e0   0x080000e0   0x0000001c   Code   RO          150    .text               startup_gd32e23x.o
    0x080000fc   0x080000fc   0x00000060   Code   RO         1351    .text               mc_p.l(uldiv.o)
    0x0800015c   0x0800015c   0x00000000   Code   RO         1353    .text               mc_p.l(iusefp.o)
    0x0800015c   0x0800015c   0x00000164   Code   RO         1356    .text               mf_p.l(dadd.o)
    0x080002c0   0x080002c0   0x000000d0   Code   RO         1358    .text               mf_p.l(dmul.o)
    0x08000390   0x08000390   0x000000f0   Code   RO         1360    .text               mf_p.l(ddiv.o)
    0x08000480   0x08000480   0x00000040   Code   RO         1362    .text               mf_p.l(dfixul.o)
    0x080004c0   0x080004c0   0x00000028   Code   RO         1364    .text               mf_p.l(cdrcmple.o)
    0x080004e8   0x080004e8   0x00000030   Code   RO         1366    .text               mc_p.l(init.o)
    0x08000518   0x08000518   0x0000003e   Code   RO         1370    .text               mc_p.l(uidiv_div0.o)
    0x08000556   0x08000556   0x00000020   Code   RO         1376    .text               mc_p.l(llshl.o)
    0x08000576   0x08000576   0x00000022   Code   RO         1378    .text               mc_p.l(llushr.o)
    0x08000598   0x08000598   0x00000026   Code   RO         1380    .text               mc_p.l(llsshr.o)
    0x080005be   0x080005be   0x000000be   Code   RO         1382    .text               mf_p.l(depilogue.o)
    0x0800067c   0x0800067c   0x000000ac   Code   RO          129    .text.AHT10Init     oled_i2c.o
    0x08000728   0x08000728   0x000002ac   Code   RO          135    .text.AHT10ReadData  oled_i2c.o
    0x080009d4   0x080009d4   0x00000034   Code   RO           86    .text.DelayInit     delay.o
    0x08000a08   0x08000a08   0x00000078   Code   RO           90    .text.DelayMs       delay.o
    0x08000a80   0x08000a80   0x00000004   Code   RO            4    .text.HardFault_Handler  gd32e23x_it.o
    0x08000a84   0x08000a84   0x000000b0   Code   RO          103    .text.I2C_Configuration  oled_i2c.o
    0x08000b34   0x08000b34   0x000000a4   Code   RO          105    .text.I2C_WriteByte  oled_i2c.o
    0x08000bd8   0x08000bd8   0x00000002   Code   RO            2    .text.NMI_Handler   gd32e23x_it.o
    0x08000bda   0x08000bda   0x00000066   Code   RO          115    .text.OLED_Fill     oled_i2c.o
    0x08000c40   0x08000c40   0x000000ae   Code   RO          111    .text.OLED_Init     oled_i2c.o
    0x08000cee   0x08000cee   0x0000003c   Code   RO          113    .text.OLED_SetPos   oled_i2c.o
    0x08000d2a   0x08000d2a   0x00000002   PAD
    0x08000d2c   0x08000d2c   0x00000194   Code   RO          123    .text.OLED_ShowStr  oled_i2c.o
    0x08000ec0   0x08000ec0   0x00000002   Code   RO           16    .text.PendSV_Handler  gd32e23x_it.o
    0x08000ec2   0x08000ec2   0x00000002   Code   RO           12    .text.SVC_Handler   gd32e23x_it.o
    0x08000ec4   0x08000ec4   0x00000002   Code   RO           18    .text.SysTick_Handler  gd32e23x_it.o
    0x08000ec6   0x08000ec6   0x00000002   PAD
    0x08000ec8   0x08000ec8   0x000000ac   Code   RO          157    .text.SystemInit    system_gd32e23x.o
    0x08000f74   0x08000f74   0x00000074   Code   RO           74    .text.USART0_IRQHandler  bsp_usart.o
    0x08000fe8   0x08000fe8   0x00000016   Code   RO          107    .text.WriteCmd      oled_i2c.o
    0x08000ffe   0x08000ffe   0x00000016   Code   RO          109    .text.WriteDat      oled_i2c.o
    0x08001014   0x08001014   0x000000c0   Code   RO          532    .text.gpio_af_set   gd32e23x_gpio.o
    0x080010d4   0x080010d4   0x00000024   Code   RO          520    .text.gpio_bit_write  gd32e23x_gpio.o
    0x080010f8   0x080010f8   0x0000008e   Code   RO          512    .text.gpio_mode_set  gd32e23x_gpio.o
    0x08001186   0x08001186   0x0000008a   Code   RO          514    .text.gpio_output_options_set  gd32e23x_gpio.o
    0x08001210   0x08001210   0x0000002e   Code   RO          555    .text.i2c_ack_config  gd32e23x_i2c.o
    0x0800123e   0x0800123e   0x00000002   PAD
    0x08001240   0x08001240   0x000001c4   Code   RO          549    .text.i2c_clock_config  gd32e23x_i2c.o
    0x08001404   0x08001404   0x0000000e   Code   RO          575    .text.i2c_data_receive  gd32e23x_i2c.o
    0x08001412   0x08001412   0x00000012   Code   RO          573    .text.i2c_data_transmit  gd32e23x_i2c.o
    0x08001424   0x08001424   0x00000054   Code   RO          547    .text.i2c_deinit    gd32e23x_i2c.o
    0x08001478   0x08001478   0x00000012   Code   RO          565    .text.i2c_enable    gd32e23x_i2c.o
    0x0800148a   0x0800148a   0x00000002   PAD
    0x0800148c   0x0800148c   0x00000040   Code   RO          607    .text.i2c_flag_clear  gd32e23x_i2c.o
    0x080014cc   0x080014cc   0x0000003c   Code   RO          605    .text.i2c_flag_get  gd32e23x_i2c.o
    0x08001508   0x08001508   0x0000002e   Code   RO          559    .text.i2c_master_addressing  gd32e23x_i2c.o
    0x08001536   0x08001536   0x00000002   PAD
    0x08001538   0x08001538   0x00000044   Code   RO          551    .text.i2c_mode_addr_config  gd32e23x_i2c.o
    0x0800157c   0x0800157c   0x00000014   Code   RO          569    .text.i2c_start_on_bus  gd32e23x_i2c.o
    0x08001590   0x08001590   0x00000014   Code   RO          571    .text.i2c_stop_on_bus  gd32e23x_i2c.o
    0x080015a4   0x080015a4   0x0000012c   Code   RO           27    .text.main          main.o
    0x080016d0   0x080016d0   0x00000020   Code   RO          638    .text.nvic_vector_table_set  gd32e23x_misc.o
    0x080016f0   0x080016f0   0x00000278   Code   RO          763    .text.rcu_clock_freq_get  gd32e23x_rcu.o
    0x08001968   0x08001968   0x00000024   Code   RO          689    .text.rcu_periph_clock_enable  gd32e23x_rcu.o
    0x0800198c   0x0800198c   0x00000024   Code   RO          699    .text.rcu_periph_reset_disable  gd32e23x_rcu.o
    0x080019b0   0x080019b0   0x00000024   Code   RO          697    .text.rcu_periph_reset_enable  gd32e23x_rcu.o
    0x080019d4   0x080019d4   0x000000e0   Code   RO          163    .text.system_clock_72m_hxtal  system_gd32e23x.o
    0x08001ab4   0x08001ab4   0x00000008   Code   RO          159    .text.system_clock_config  system_gd32e23x.o
    0x08001abc   0x08001abc   0x0000002c   Code   RO          644    .text.systick_clksource_set  gd32e23x_misc.o
    0x08001ae8   0x08001ae8   0x00000014   Code   RO         1156    .text.usart_data_receive  gd32e23x_usart.o
    0x08001afc   0x08001afc   0x00000040   Code   RO         1264    .text.usart_interrupt_flag_clear  gd32e23x_usart.o
    0x08001b3c   0x08001b3c   0x00000062   Code   RO         1262    .text.usart_interrupt_flag_get  gd32e23x_usart.o
    0x08001b9e   0x08001b9e   0x00000002   PAD
    0x08001ba0   0x08001ba0   0x00000028   Code   RO         1299    i.__0sprintf        mc_p.l(printfa.o)
    0x08001bc8   0x08001bc8   0x0000002e   Code   RO         1384    i.__ARM_clz         mf_p.l(depilogue.o)
    0x08001bf6   0x08001bf6   0x0000000e   Code   RO         1388    i.__scatterload_copy  mc_p.l(handlers.o)
    0x08001c04   0x08001c04   0x00000002   Code   RO         1389    i.__scatterload_null  mc_p.l(handlers.o)
    0x08001c06   0x08001c06   0x0000000e   Code   RO         1390    i.__scatterload_zeroinit  mc_p.l(handlers.o)
    0x08001c14   0x08001c14   0x00000174   Code   RO         1304    i._fp_digits        mc_p.l(printfa.o)
    0x08001d88   0x08001d88   0x000006ec   Code   RO         1305    i._printf_core      mc_p.l(printfa.o)
    0x08002474   0x08002474   0x00000020   Code   RO         1306    i._printf_post_padding  mc_p.l(printfa.o)
    0x08002494   0x08002494   0x0000002c   Code   RO         1307    i._printf_pre_padding  mc_p.l(printfa.o)
    0x080024c0   0x080024c0   0x0000000a   Code   RO         1309    i._sputc            mc_p.l(printfa.o)
    0x080024ca   0x080024ca   0x00000228   Data   RO          138    .rodata.F6x8        oled_i2c.o
    0x080026f2   0x080026f2   0x000005f0   Data   RO          139    .rodata.F8X16       oled_i2c.o
    0x08002ce2   0x08002ce2   0x0000003b   Data   RO           33    .rodata.str1.1      main.o
    0x08002d1d   0x08002d1d   0x00000003   PAD
    0x08002d20   0x08002d20   0x00000020   Data   RO         1387    Region$$Table       anon$$obj.o


    Execution Region RW_IRAM1 (Exec base: 0x20000000, Load base: 0x08002d40, Size: 0x00001440, Max: 0x00002000, ABSOLUTE)

    Exec Addr    Load Addr    Size         Type   Attr      Idx    E Section Name        Object

    0x20000000   0x08002d40   0x00000004   Data   RW          165    .data.SystemCoreClock  system_gd32e23x.o
    0x20000004   0x08002d44   0x00000004   PAD
    0x20000008        -       0x00000008   Zero   RW           29    .bss.CT_data        main.o
    0x20000010        -       0x0000001e   Zero   RW           32    .bss.buf            main.o
    0x2000002e   0x08002d44   0x00000002   PAD
    0x20000030        -       0x00000004   Zero   RW           30    .bss.c1             main.o
    0x20000034        -       0x00000002   Zero   RW           95    .bss.fac_ms         delay.o
    0x20000036        -       0x00000001   Zero   RW           94    .bss.fac_us         delay.o
    0x20000037        -       0x00001000   Zero   RW           78    .bss.g_recv_buff    bsp_usart.o
    0x20001037        -       0x00000001   Zero   RW           77    .bss.g_recv_complete_flag  bsp_usart.o
    0x20001038        -       0x00000002   Zero   RW           76    .bss.g_recv_length  bsp_usart.o
    0x2000103a   0x08002d44   0x00000002   PAD
    0x2000103c        -       0x00000004   Zero   RW           31    .bss.t1             main.o
    0x20001040        -       0x00000400   Zero   RW          147    STACK               startup_gd32e23x.o


==============================================================================

Image component sizes


      Code (inc. data)   RO Data    RW Data    ZI Data      Debug   Object Name

       116         24          0          0       4099       4462   bsp_usart.o
       172         28          0          0          3       1576   delay.o
       508          0          0          0          0       4236   gd32e23x_gpio.o
       910         40          0          0          0       8709   gd32e23x_i2c.o
        12          0          0          0          0       1004   gd32e23x_it.o
        76         12          0          0          0       3914   gd32e23x_misc.o
       740         32          0          0          0      11171   gd32e23x_rcu.o
       182          8          0          0          0      14171   gd32e23x_usart.o
       300         44         59          0         46       1719   main.o
      1980         68       2072          0          0       6434   oled_i2c.o
        28          8        204          0       1024        708   startup_gd32e23x.o
       404         52          0          4          0       1846   system_gd32e23x.o

    ----------------------------------------------------------------------
      5440        316       2370          4       5180      59950   Object Totals
         0          0         32          0          0          0   (incl. Generated)
        12          0          3          0          8          0   (incl. Padding)

    ----------------------------------------------------------------------

      Code (inc. data)   RO Data    RW Data    ZI Data      Debug   Library Member Name

         0          0          0          0          0          0   entry.o
         0          0          0          0          0          0   entry10a.o
         0          0          0          0          0          0   entry11a.o
         8          4          0          0          0          0   entry2.o
         4          0          0          0          0          0   entry5.o
         0          0          0          0          0          0   entry7b.o
         0          0          0          0          0          0   entry8b.o
         8          4          0          0          0          0   entry9a.o
        30          0          0          0          0          0   handlers.o
        48         10          0          0          0         68   init.o
         0          0          0          0          0          0   iusefp.o
        32          0          0          0          0         68   llshl.o
        38          0          0          0          0         68   llsshr.o
        34          0          0          0          0         68   llushr.o
      2270         94          0          0          0        472   printfa.o
        62          0          0          0          0         72   uidiv_div0.o
        96          0          0          0          0         84   uldiv.o
        40          2          0          0          0         68   cdrcmple.o
       356          4          0          0          0        140   dadd.o
       240          6          0          0          0         84   ddiv.o
       236          0          0          0          0        216   depilogue.o
        64         10          0          0          0         68   dfixul.o
       208          6          0          0          0         88   dmul.o

    ----------------------------------------------------------------------
      3774        140          0          0          0       1564   Library Totals
         0          0          0          0          0          0   (incl. Padding)

    ----------------------------------------------------------------------

      Code (inc. data)   RO Data    RW Data    ZI Data      Debug   Library Name

      2630        112          0          0          0        900   mc_p.l
      1144         28          0          0          0        664   mf_p.l

    ----------------------------------------------------------------------
      3774        140          0          0          0       1564   Library Totals

    ----------------------------------------------------------------------

==============================================================================


      Code (inc. data)   RO Data    RW Data    ZI Data      Debug   

      9214        456       2370          4       5180      60710   Grand Totals
      9214        456       2370          4       5180      60710   ELF Image Totals
      9214        456       2370          4          0          0   ROM Totals

==============================================================================

    Total RO  Size (Code + RO Data)                11584 (  11.31kB)
    Total RW  Size (RW Data + ZI Data)              5184 (   5.06kB)
    Total ROM Size (Code + RO Data + RW Data)      11588 (  11.32kB)

==============================================================================

